
 --------------------------------------------------------------------------
           HIBRIDON SCATTERING CODE V 4.4 BUILD DATE 08/16/16 06:12:08 EDT

      AUTHORS: M. ALEXANDER, D. MANOLOPOULOS, H.-J. WERNER, B. FOLLMEG,
               P. DAGDIGIAN
 CONTRIBUTORS: D. LEMOINE, P. VOHRALIK, G. COREY, R. JOHNSON, T. ORLIKOWSKI,
          A. BERNING, A. DEGLI-ESPOSTI, C. RIST, B. POUILLY, J. KLOS, Q. MA,
          G. VAN DER SANDEN, M. YANG, F. DE WEERD, S. GREGURICK, F. LIQUE
 --------------------------------------------------------------------------
           BUILD CONFIGURATION:
SYS=OS X 10.11.6; MACH=unix-darwin unix-ifort unix-darwin64
CC=; FC=/opt/intel//compilers_and_libraries_2016.3.170/mac/bin/intel64/ifort -O3 -save -i8
LIB_ROOT=$MKLROOT/lib/libmkl_intel_ilp64.a $MKLROOT/lib/libmkl_intel_thread.a $MKLROOT/lib/libmkl_core.a
LIBRARIES:  -lpthread /
  $MKLROOT/../compiler/lib/libiomp5.a -lm
 --------------------------------------------------------------------------
 Hibridon>  NOPRIN = .TRUE., SO IPRINT SET TO -1
 Hibridon>  Hibridon>  ** NERG HAS BEEN RESET TO  1
 Hibridon>  NOPRIN = .TRUE., SO IPRINT SET TO -1
 ** J =    0 JLPAR = 1 FINISHED;  CPU: 00:00:00   WALL: 00:00:00   DATE: Aug 16 06:13:30 2016
 ** J =    1 JLPAR = 1 FINISHED;  CPU: 00:00:00   WALL: 00:00:00   DATE: Aug 16 06:13:30 2016
 ** J =    2 JLPAR = 1 FINISHED;  CPU: 00:00:00   WALL: 00:00:00   DATE: Aug 16 06:13:30 2016
 ** J =    3 JLPAR = 1 FINISHED;  CPU: 00:00:00   WALL: 00:00:00   DATE: Aug 16 06:13:30 2016
 ** J =    4 JLPAR = 1 FINISHED;  CPU: 00:00:00   WALL: 00:00:00   DATE: Aug 16 06:13:30 2016
 ** J =    5 JLPAR = 1 FINISHED;  CPU: 00:00:00   WALL: 00:00:00   DATE: Aug 16 06:13:30 2016
 ** J =    6 JLPAR = 1 FINISHED;  CPU: 00:00:00   WALL: 00:00:00   DATE: Aug 16 06:13:30 2016
 ** J =    7 JLPAR = 1 FINISHED;  CPU: 00:00:00   WALL: 00:00:00   DATE: Aug 16 06:13:30 2016
 ** J =    8 JLPAR = 1 FINISHED;  CPU: 00:00:00   WALL: 00:00:00   DATE: Aug 16 06:13:30 2016
 ** J =    9 JLPAR = 1 FINISHED;  CPU: 00:00:00   WALL: 00:00:00   DATE: Aug 16 06:13:30 2016
 ** J =   10 JLPAR = 1 FINISHED;  CPU: 00:00:00   WALL: 00:00:00   DATE: Aug 16 06:13:30 2016
 ** J =   11 JLPAR = 1 FINISHED;  CPU: 00:00:00   WALL: 00:00:00   DATE: Aug 16 06:13:30 2016
 ** J =   12 JLPAR = 1 FINISHED;  CPU: 00:00:00   WALL: 00:00:00   DATE: Aug 16 06:13:30 2016
 ** J =   13 JLPAR = 1 FINISHED;  CPU: 00:00:00   WALL: 00:00:00   DATE: Aug 16 06:13:30 2016
 ** J =   14 JLPAR = 1 FINISHED;  CPU: 00:00:00   WALL: 00:00:00   DATE: Aug 16 06:13:30 2016
 ** J =   15 JLPAR = 1 FINISHED;  CPU: 00:00:00   WALL: 00:00:01   DATE: Aug 16 06:13:31 2016
 ** J =   16 JLPAR = 1 FINISHED;  CPU: 00:00:00   WALL: 00:00:01   DATE: Aug 16 06:13:31 2016
 ** J =   17 JLPAR = 1 FINISHED;  CPU: 00:00:00   WALL: 00:00:01   DATE: Aug 16 06:13:31 2016
 ** J =   18 JLPAR = 1 FINISHED;  CPU: 00:00:00   WALL: 00:00:01   DATE: Aug 16 06:13:31 2016
 ** J =   19 JLPAR = 1 FINISHED;  CPU: 00:00:00   WALL: 00:00:01   DATE: Aug 16 06:13:31 2016
 ** J =   20 JLPAR = 1 FINISHED;  CPU: 00:00:00   WALL: 00:00:01   DATE: Aug 16 06:13:31 2016
 ** J =   21 JLPAR = 1 FINISHED;  CPU: 00:00:00   WALL: 00:00:01   DATE: Aug 16 06:13:31 2016
 ** J =   22 JLPAR = 1 FINISHED;  CPU: 00:00:00   WALL: 00:00:01   DATE: Aug 16 06:13:31 2016
 ** J =   23 JLPAR = 1 FINISHED;  CPU: 00:00:00   WALL: 00:00:01   DATE: Aug 16 06:13:31 2016
 ** J =   24 JLPAR = 1 FINISHED;  CPU: 00:00:00   WALL: 00:00:01   DATE: Aug 16 06:13:31 2016
 ** J =   25 JLPAR = 1 FINISHED;  CPU: 00:00:00   WALL: 00:00:01   DATE: Aug 16 06:13:31 2016
 ** J =   26 JLPAR = 1 FINISHED;  CPU: 00:00:00   WALL: 00:00:01   DATE: Aug 16 06:13:31 2016
 ** J =   27 JLPAR = 1 FINISHED;  CPU: 00:00:00   WALL: 00:00:01   DATE: Aug 16 06:13:31 2016
 ** J =   28 JLPAR = 1 FINISHED;  CPU: 00:00:00   WALL: 00:00:01   DATE: Aug 16 06:13:31 2016
 ** J =   29 JLPAR = 1 FINISHED;  CPU: 00:00:00   WALL: 00:00:01   DATE: Aug 16 06:13:31 2016
 ** J =   30 JLPAR = 1 FINISHED;  CPU: 00:00:00   WALL: 00:00:01   DATE: Aug 16 06:13:31 2016
 ** J =    0 JLPAR =-1 FINISHED;  CPU: 00:00:00   WALL: 00:00:01   DATE: Aug 16 06:13:31 2016
 ** J =    1 JLPAR =-1 FINISHED;  CPU: 00:00:00   WALL: 00:00:01   DATE: Aug 16 06:13:31 2016
 ** J =    2 JLPAR =-1 FINISHED;  CPU: 00:00:00   WALL: 00:00:01   DATE: Aug 16 06:13:31 2016
 ** J =    3 JLPAR =-1 FINISHED;  CPU: 00:00:00   WALL: 00:00:01   DATE: Aug 16 06:13:31 2016
 ** J =    4 JLPAR =-1 FINISHED;  CPU: 00:00:00   WALL: 00:00:01   DATE: Aug 16 06:13:31 2016
 ** J =    5 JLPAR =-1 FINISHED;  CPU: 00:00:00   WALL: 00:00:01   DATE: Aug 16 06:13:31 2016
 ** J =    6 JLPAR =-1 FINISHED;  CPU: 00:00:00   WALL: 00:00:01   DATE: Aug 16 06:13:31 2016
 ** J =    7 JLPAR =-1 FINISHED;  CPU: 00:00:00   WALL: 00:00:01   DATE: Aug 16 06:13:31 2016
 ** J =    8 JLPAR =-1 FINISHED;  CPU: 00:00:00   WALL: 00:00:01   DATE: Aug 16 06:13:31 2016
 ** J =    9 JLPAR =-1 FINISHED;  CPU: 00:00:00   WALL: 00:00:01   DATE: Aug 16 06:13:31 2016
 ** J =   10 JLPAR =-1 FINISHED;  CPU: 00:00:00   WALL: 00:00:01   DATE: Aug 16 06:13:31 2016
 ** J =   11 JLPAR =-1 FINISHED;  CPU: 00:00:00   WALL: 00:00:01   DATE: Aug 16 06:13:31 2016
 ** J =   12 JLPAR =-1 FINISHED;  CPU: 00:00:00   WALL: 00:00:01   DATE: Aug 16 06:13:31 2016
 ** J =   13 JLPAR =-1 FINISHED;  CPU: 00:00:00   WALL: 00:00:01   DATE: Aug 16 06:13:31 2016
 ** J =   14 JLPAR =-1 FINISHED;  CPU: 00:00:00   WALL: 00:00:01   DATE: Aug 16 06:13:31 2016
 ** J =   15 JLPAR =-1 FINISHED;  CPU: 00:00:00   WALL: 00:00:01   DATE: Aug 16 06:13:31 2016
 ** J =   16 JLPAR =-1 FINISHED;  CPU: 00:00:00   WALL: 00:00:01   DATE: Aug 16 06:13:31 2016
 ** J =   17 JLPAR =-1 FINISHED;  CPU: 00:00:01   WALL: 00:00:01   DATE: Aug 16 06:13:31 2016
 ** J =   18 JLPAR =-1 FINISHED;  CPU: 00:00:01   WALL: 00:00:01   DATE: Aug 16 06:13:31 2016
 ** J =   19 JLPAR =-1 FINISHED;  CPU: 00:00:01   WALL: 00:00:01   DATE: Aug 16 06:13:31 2016
 ** J =   20 JLPAR =-1 FINISHED;  CPU: 00:00:01   WALL: 00:00:01   DATE: Aug 16 06:13:31 2016
 ** J =   21 JLPAR =-1 FINISHED;  CPU: 00:00:01   WALL: 00:00:01   DATE: Aug 16 06:13:31 2016
 ** J =   22 JLPAR =-1 FINISHED;  CPU: 00:00:01   WALL: 00:00:01   DATE: Aug 16 06:13:31 2016
 ** J =   23 JLPAR =-1 FINISHED;  CPU: 00:00:01   WALL: 00:00:01   DATE: Aug 16 06:13:31 2016
 ** J =   24 JLPAR =-1 FINISHED;  CPU: 00:00:01   WALL: 00:00:01   DATE: Aug 16 06:13:31 2016
 ** J =   25 JLPAR =-1 FINISHED;  CPU: 00:00:01   WALL: 00:00:01   DATE: Aug 16 06:13:31 2016
 ** J =   26 JLPAR =-1 FINISHED;  CPU: 00:00:01   WALL: 00:00:01   DATE: Aug 16 06:13:31 2016
 ** J =   27 JLPAR =-1 FINISHED;  CPU: 00:00:01   WALL: 00:00:01   DATE: Aug 16 06:13:31 2016
 ** J =   28 JLPAR =-1 FINISHED;  CPU: 00:00:01   WALL: 00:00:01   DATE: Aug 16 06:13:31 2016
 ** J =   29 JLPAR =-1 FINISHED;  CPU: 00:00:01   WALL: 00:00:01   DATE: Aug 16 06:13:31 2016
 ** J =   30 JLPAR =-1 FINISHED;  CPU: 00:00:01   WALL: 00:00:02   DATE: Aug 16 06:13:32 2016
 ===============================================================================
 **** END OF CALCULATION ****
      MAXIMUM NUMBER OF CHANNELS USED WAS:     9
      TIMING:  ELAPSED 00:00:02 / CPU 00:00:01 / MP RATIO   64.3 %
      CURRENT DATE:  Aug 16 06:13:32 2016
 ===============================================================================
 Hibridon> 
 INTEGRAL CROSS SECTIONS READ FROM FILE Cph21.ics                               
 WRITTEN:   Aug 16 06:13:32 2016
 LABEL:     Cp-H2 scattering on Halvick PESs                
 POT NAME:  HALVICK Cp(2P)-H2 PES                           

 ** INTEGRAL CROSS SECTIONS; IEN= 1 **
    RMU=   1.7258  E=   500.00  JLPAR=-1  JTOT-1=  0  JTOT-2=  30  JTOT-D=  1
 ** CC CALCULATION, JLPAR=-1 **

 ** COLUMN HEADINGS ARE INITIAL STATES, ROW HEADINGS ARE FINAL STATES **

            J=    1         1
   J    I | I=    0         1
 
    1    0   8.065E+01  2.120E+01
    1    1   3.703E+01  1.181E+02
 Hibridon> 