
 --------------------------------------------------------------------------
           HIBRIDON SCATTERING CODE V 5.00

      AUTHORS: M. ALEXANDER, D. MANOLOPOULOS, H.-J. WERNER, B. FOLLMEG,
               P. DAGDIGIAN
 CONTRIBUTORS: D. LEMOINE, P. VOHRALIK, G. COREY, R. JOHNSON, T. ORLIKOWSKI,
          A. BERNING, A. DEGLI-ESPOSTI, C. RIST, B. POUILLY, J. KLOS, Q. MA,
          G. VAN DER SANDEN, M. YANG, F. DE WEERD, S. GREGURICK, F. LIQUE
 --------------------------------------------------------------------------
           BUILD CONFIGURATION:
CMAKE BUILD DATE: 2022-09-28 at 07:50
CMAKE BUILD TYPE: Debug
CODE GIT REVISION: 
SYS: Linux 5.4.0-124-generic x86_64
COMPILER: /usr/bin/gfortran
COMPILE OPTIONS: 
 --------------------------------------------------------------------------
            CURRENT HARDWARE CONFIGURATION:

Model name:                      Intel(R) Core(TM) i5-8350U CPU @ 1.70GHz
CPU MHz:                         1800.000
Socket(s):                       1
Core(s) per socket:              4
L2 cache:                        1 MiB
L3 cache:                        6 MiB
Hyper-Threading Technology: Enabled
MemTotal:       16267636 kB
 --------------------------------------------------------------------------
 Hibridon> 
 POTENTIAL LOADED FROM FILE FOLLMEG.BIN                                                 

 LABEL:  mha's 16-apr-1997 fit to follmeg's points                              
 Molecule is homonuclear                                                 
 NUMBER OF TERMS (NTRM) READ IN:  1

  NTRM    LMMIN    LMMAX    MLD    NVBLOCKS
    1       2        4       0      1
 Hibridon>  Hibridon>  Hibridon>  Hibridon>  Hibridon>  Hibridon>  Hibridon>  Hibridon>  ** J =    0 JLPAR = 1 FINISHED;  CPU: 00:00:00   WALL: 00:00:00   DATE: Sep 28 19:12:24 2022
 ** J =    1 JLPAR = 1 FINISHED;  CPU: 00:00:00   WALL: 00:00:00   DATE: Sep 28 19:12:24 2022
 ** J =    2 JLPAR = 1 FINISHED;  CPU: 00:00:00   WALL: 00:00:00   DATE: Sep 28 19:12:24 2022
 ** J =    3 JLPAR = 1 FINISHED;  CPU: 00:00:00   WALL: 00:00:00   DATE: Sep 28 19:12:24 2022
 ** J =    4 JLPAR = 1 FINISHED;  CPU: 00:00:00   WALL: 00:00:00   DATE: Sep 28 19:12:24 2022
 ** J =    5 JLPAR = 1 FINISHED;  CPU: 00:00:01   WALL: 00:00:00   DATE: Sep 28 19:12:24 2022
 ** J =    6 JLPAR = 1 FINISHED;  CPU: 00:00:01   WALL: 00:00:00   DATE: Sep 28 19:12:24 2022
 ** J =    7 JLPAR = 1 FINISHED;  CPU: 00:00:01   WALL: 00:00:00   DATE: Sep 28 19:12:24 2022
 ** J =    8 JLPAR = 1 FINISHED;  CPU: 00:00:01   WALL: 00:00:00   DATE: Sep 28 19:12:24 2022
 ** J =    9 JLPAR = 1 FINISHED;  CPU: 00:00:02   WALL: 00:00:00   DATE: Sep 28 19:12:24 2022
 ** J =   10 JLPAR = 1 FINISHED;  CPU: 00:00:02   WALL: 00:00:00   DATE: Sep 28 19:12:24 2022

 ** NCH = 0, MOVE ON TO NEXT PARTIAL WAVE
 ** J =    1 JLPAR =-1 FINISHED;  CPU: 00:00:02   WALL: 00:00:00   DATE: Sep 28 19:12:24 2022
 ** J =    2 JLPAR =-1 FINISHED;  CPU: 00:00:02   WALL: 00:00:00   DATE: Sep 28 19:12:24 2022
 ** J =    3 JLPAR =-1 FINISHED;  CPU: 00:00:02   WALL: 00:00:00   DATE: Sep 28 19:12:24 2022
 ** J =    4 JLPAR =-1 FINISHED;  CPU: 00:00:02   WALL: 00:00:00   DATE: Sep 28 19:12:24 2022
 ** J =    5 JLPAR =-1 FINISHED;  CPU: 00:00:03   WALL: 00:00:00   DATE: Sep 28 19:12:24 2022
 ** J =    6 JLPAR =-1 FINISHED;  CPU: 00:00:03   WALL: 00:00:00   DATE: Sep 28 19:12:24 2022
 ** J =    7 JLPAR =-1 FINISHED;  CPU: 00:00:03   WALL: 00:00:00   DATE: Sep 28 19:12:24 2022
 ** J =    8 JLPAR =-1 FINISHED;  CPU: 00:00:03   WALL: 00:00:00   DATE: Sep 28 19:12:24 2022
 ** J =    9 JLPAR =-1 FINISHED;  CPU: 00:00:03   WALL: 00:00:00   DATE: Sep 28 19:12:24 2022
 ** J =   10 JLPAR =-1 FINISHED;  CPU: 00:00:04   WALL: 00:00:00   DATE: Sep 28 19:12:24 2022
 ===============================================================================
 **** END OF CALCULATION ****
      MAXIMUM NUMBER OF CHANNELS USED WAS:    20
      TIMING:  ELAPSED 00:00:00 / CPU 00:00:04 / MP RATIO  834.0 %
      CURRENT DATE:  Sep 28 19:12:24 2022
 ===============================================================================
 Hibridon> 
 CLOSE COUPLED TENSOR OPACITIES
 S-MATRICES READ FROM FILE Vfit_tenf01.smt                         
      WRITTEN:   Sep 28 19:12:24 2022
      LABEL:     Test of N2+_He using Follmeg-Rosmus PES         
      POT NAME:  WERNER-FOLLMEG VFIT                             
 DATE:    Sep 28 19:12:24 2022
 MAX(JTOT) RESET TO JFINAL =   20 IN TENOPA
 MAX(JTOT) RESET TO JFINAL =   10 IN TENOPA

 ENERGY:     150.000 cm(-1)    MASS:       3.502
 SUMMING PARTIAL WAVES FROM JTOT=  0 TO JTOT= 10
 MAX(KI,KF) =  12;  0 .LE. LAMDA .LE.  0; MAXIMUM NUMBER OF BUFFERS =  360

 LEVEL LIST FOR TENSOR OPACITIES (OPEN CHANNELS)
   N     J   INDEX  EINT(cm-1)

 COLUMNS ARE INITIAL STATES; ROWS ARE FINAL STATES
   1     0     0      0.000
   2     2     0     11.647
   3     4     0     38.824
   4     6     0     81.530

 TENSOR RANK K =  0

          1           2           3           4
   1   1.6398E+01  3.3259E+00  9.9303E-01  3.2422E-01
   2   3.0676E+00  1.7831E+01  4.2089E+00  1.7392E+00
   3   7.3600E-01  3.3822E+00  2.2030E+01  6.9434E+00
   4   1.4800E-01  8.6072E-01  4.2762E+00  3.3659E+01

 TENSOR RANK K =  1

          1           2           3           4
   1   0.0000E+00  0.0000E+00  0.0000E+00  0.0000E+00
   2   0.0000E+00  1.5021E+01  3.1077E+00  1.2938E+00
   3   0.0000E+00  2.4972E+00  1.9860E+01  6.1297E+00
   4   0.0000E+00  6.4028E-01  3.7751E+00  3.0695E+01

 TENSOR RANK K =  2

          1           2           3           4
   1   0.0000E+00  0.0000E+00  0.0000E+00  0.0000E+00
   2   0.0000E+00  1.3440E+01  2.2705E+00  9.1265E-01
   3   0.0000E+00  1.8245E+00  1.8063E+01  5.1883E+00
   4   0.0000E+00  4.5166E-01  3.1953E+00  2.8084E+01

 TENSOR RANK K =  3

          1           2           3           4
   1   0.0000E+00  0.0000E+00  0.0000E+00  0.0000E+00
   2   0.0000E+00  1.2029E+01  1.4672E+00  5.4617E-01
   3   0.0000E+00  1.1790E+00  1.6250E+01  4.2210E+00
   4   0.0000E+00  2.7029E-01  2.5996E+00  2.5669E+01

 TENSOR RANK K =  4

          1           2           3           4
   1   0.0000E+00  0.0000E+00  0.0000E+00  0.0000E+00
   2   0.0000E+00  1.3252E+01  1.0440E+00  3.3107E-01
   3   0.0000E+00  8.3895E-01  1.4783E+01  3.3232E+00
   4   0.0000E+00  1.6384E-01  2.0466E+00  2.3416E+01

 TENSOR RANK K =  5

          1           2           3           4
   1   0.0000E+00  0.0000E+00  0.0000E+00  0.0000E+00
   2   0.0000E+00  0.0000E+00  0.0000E+00  0.0000E+00
   3   0.0000E+00  0.0000E+00  1.3471E+01  2.5220E+00
   4   0.0000E+00  0.0000E+00  1.5532E+00  2.1267E+01

 TENSOR RANK K =  6

          1           2           3           4
   1   0.0000E+00  0.0000E+00  0.0000E+00  0.0000E+00
   2   0.0000E+00  0.0000E+00  0.0000E+00  0.0000E+00
   3   0.0000E+00  0.0000E+00  1.2460E+01  1.8421E+00
   4   0.0000E+00  0.0000E+00  1.1345E+00  1.9331E+01

 TENSOR RANK K =  7

          1           2           3           4
   1   0.0000E+00  0.0000E+00  0.0000E+00  0.0000E+00
   2   0.0000E+00  0.0000E+00  0.0000E+00  0.0000E+00
   3   0.0000E+00  0.0000E+00  1.1776E+01  1.2336E+00
   4   0.0000E+00  0.0000E+00  7.5973E-01  1.7649E+01

 TENSOR RANK K =  8

          1           2           3           4
   1   0.0000E+00  0.0000E+00  0.0000E+00  0.0000E+00
   2   0.0000E+00  0.0000E+00  0.0000E+00  0.0000E+00
   3   0.0000E+00  0.0000E+00  1.2291E+01  7.4687E-01
   4   0.0000E+00  0.0000E+00  4.5997E-01  1.6270E+01

 TENSOR RANK K =  9

          1           2           3           4
   1   0.0000E+00  0.0000E+00  0.0000E+00  0.0000E+00
   2   0.0000E+00  0.0000E+00  0.0000E+00  0.0000E+00
   3   0.0000E+00  0.0000E+00  0.0000E+00  0.0000E+00
   4   0.0000E+00  0.0000E+00  0.0000E+00  1.5148E+01

 TENSOR RANK K = 10

          1           2           3           4
   1   0.0000E+00  0.0000E+00  0.0000E+00  0.0000E+00
   2   0.0000E+00  0.0000E+00  0.0000E+00  0.0000E+00
   3   0.0000E+00  0.0000E+00  0.0000E+00  0.0000E+00
   4   0.0000E+00  0.0000E+00  0.0000E+00  1.4239E+01

 TENSOR RANK K = 11

          1           2           3           4
   1   0.0000E+00  0.0000E+00  0.0000E+00  0.0000E+00
   2   0.0000E+00  0.0000E+00  0.0000E+00  0.0000E+00
   3   0.0000E+00  0.0000E+00  0.0000E+00  0.0000E+00
   4   0.0000E+00  0.0000E+00  0.0000E+00  1.3552E+01

 TENSOR RANK K = 12

          1           2           3           4
   1   0.0000E+00  0.0000E+00  0.0000E+00  0.0000E+00
   2   0.0000E+00  0.0000E+00  0.0000E+00  0.0000E+00
   3   0.0000E+00  0.0000E+00  0.0000E+00  0.0000E+00
   4   0.0000E+00  0.0000E+00  0.0000E+00  1.3347E+01

 ** N = 0 COMPLETED, TIMING ELAPSED:  00:00:00  CPU:  00:00:00 


 ** TENXSC FINAL TIMING, ELAPSED:  00:00:00   CPU:  00:00:00  **
 Hibridon> 