
 --------------------------------------------------------------------------
           HIBRIDON SCATTERING CODE V 5.00

      AUTHORS: M. ALEXANDER, D. MANOLOPOULOS, H.-J. WERNER, B. FOLLMEG,
               P. DAGDIGIAN
 CONTRIBUTORS: D. LEMOINE, P. VOHRALIK, G. COREY, R. JOHNSON, T. ORLIKOWSKI,
          A. BERNING, A. DEGLI-ESPOSTI, C. RIST, B. POUILLY, J. KLOS, Q. MA,
          G. VAN DER SANDEN, M. YANG, F. DE WEERD, S. GREGURICK, F. LIQUE
 --------------------------------------------------------------------------
           BUILD CONFIGURATION:
CMAKE BUILD DATE: 2021-08-14 at 15:53
CMAKE BUILD TYPE: Debug
SYS: Darwin 20.5.0 x86_64
COMPILER: /usr/local/bin/gfortran
COMPILE OPTIONS: 
 --------------------------------------------------------------------------
            CURRENT HARDWARE CONFIGURATION:

      Model Name: MacBook Pro
      Model Identifier: MacBookPro14,3
      Processor Name: Quad-Core Intel Core i7
      Processor Speed: 2.9 GHz
      Number of Processors: 1
      Total Number of Cores: 4
      L2 Cache (per Core): 256 KB
      L3 Cache: 8 MB
      Hyper-Threading Technology: Enabled
      Memory: 16 GB
 --------------------------------------------------------------------------
 Hibridon>  Hibridon> 
 SINGLET-TRIPLET MIXING CROSS SECTIONS
      LABEL:     'Input for CH2(X)-He calculations'              
      POT NAME:  MA CH2(X,030)-He PES                            

 S-MATRICES FOR SINGLET READ FROM FILE Ch2_p1.smt                              
      WRITTEN:   Aug 10 07:36:05 2021

 S-MATRICES FOR TRIPLET READ FROM FILE Ch2x_p1.smt                             
      WRITTEN:   Aug 10 07:40:48 2021

 ENERGY OF TRIPLET MANIFOLD RELATIVE TO SINGLET:  -328.327

 LEVELS WITH ENERGY .LT.    550.00 CM(-1):

     SINGLET LEVELS
  LEVEL LIST SORTED BY ENERGY
   #   J  IS  KP  KO  S   EINT(CM-1)
   1   0   0   0   0  +     0.000
   2   1  -1   1   1  -    27.187
   3   2   0   0   2  +    53.683
   4   2   1   1   1  +    72.007
   5   2   2   2   0  +    99.885
   6   3  -1   1   3  -   107.581
   7   3  -2   2   2  -   153.568
   8   4   0   0   4  +   169.196
   9   3  -3   3   1  -   209.109
  10   4   1   1   3  +   210.604
  11   4   2   2   2  +   239.275
  12   5  -1   1   5  -   248.278
  13   4   3   3   1  +   285.366
  14   5  -2   2   4  -   314.617
  15   6   0   0   6  +   340.102
  16   4   4   4   0  +   359.369
  17   5  -3   3   3  -   377.629
  18   6   1   1   5  +   414.533
  19   7  -1   1   7  -   446.584
  20   5  -4   4   2  -   453.223
  21   6   2   2   4  +   461.784
  22   6   3   3   3  +   502.132
  23   7  -2   2   6  -   539.402
  24   5  -5   5   1  -   549.739

     TRIPLET LEVELS
  LEVEL LIST SORTED BY ENERGY
   #   N   J  IS  KP  KO  S   EINT(CM-1)
   1   1   0   0   0   1  +  -312.679
   2   1   1   0   0   1  +  -312.679
   3   1   2   0   0   1  +  -312.679
   4   3   2   0   0   3  +  -234.360
   5   3   3   0   0   3  +  -234.360
   6   3   4   0   0   3  +  -234.360
   7   5   4   0   0   5  +   -93.055
   8   5   5   0   0   5  +   -93.055
   9   5   6   0   0   5  +   -93.055
  10   7   6   0   0   7  +   111.778
  11   7   7   0   0   7  +   111.778
  12   7   8   0   0   7  +   111.778
  13   1   0   1   1   0  +   195.162
  14   1   1   1   1   0  +   195.162
  15   1   2   1   1   0  +   195.162
  16   2   1  -1   1   2  -   232.094
  17   2   2  -1   1   2  -   232.094
  18   2   3  -1   1   2  -   232.094
  19   3   2   1   1   2  +   287.376
  20   3   3   1   1   2  +   287.376
  21   3   4   1   1   2  +   287.376
  22   4   3  -1   1   4  -   336.133
  23   4   4  -1   1   4  -   336.133
  24   4   5  -1   1   4  -   336.133
  25   9   8   0   0   9  +   380.824
  26   9   9   0   0   9  +   380.824
  27   9  10   0   0   9  +   380.824
  28   5   4   1   1   4  +   437.102
  29   5   5   1   1   4  +   437.102
  30   5   6   1   1   4  +   437.102
  31   6   5  -1   1   6  -   499.715
  32   6   6  -1   1   6  -   499.715
  33   6   7  -1   1   6  -   499.715

 SPECTROSCOPIC PERTURBATION - ZERO-ORDER LEVELS
          SINGLET:  STATE # 13  ENERGY =   285.366
          TRIPLET:  STATE # 21  ENERGY =   287.376
          SPIN-ORBIT MATRIX ELEMENT =   0.97000
     MIXED LEVELS:
          E(1)=   284.974    COEFFS =  0.9272 -0.3745
          E(2)=   287.768    COEFFS =  0.3745  0.9272

 INTEGRAL CROSS SECTIONS CALCULATED FROM LOADED S-MATRICES
     JTOT-MAX =  20 (SINGLET)    40 (TRIPLET)

 CROSS SECTIONS TO AND FROM PERTURBED LEVELS

    #  S/T  N   J   IS            FROM                    TO
                             1           2           1           2
    1   S       0   0    3.2860E-03  5.3590E-04  1.5157E-02  2.4719E-03
    2   S       1  -1    1.1324E-01  1.8468E-02  1.8258E-01  2.9777E-02
    3   S       2   0    3.6534E-01  5.9582E-02  3.7105E-01  6.0514E-02
    4   S       2   1    9.0221E-01  1.4714E-01  9.4903E-01  1.5477E-01
    5   S       2   2    6.7472E-01  1.1004E-01  7.5049E-01  1.2239E-01
    6   S       3  -1    1.6058E+00  2.6189E-01  1.2964E+00  2.1142E-01
    7   S       3  -2    7.0670E-01  1.1525E-01  6.3128E-01  1.0295E-01
    8   S       4   0    4.6093E-01  7.5170E-02  3.3226E-01  5.4187E-02
    9   S       3  -3    4.5766E-01  7.4638E-02  4.6916E-01  7.6514E-02
   10   S       4   1    2.0366E+00  3.3214E-01  1.6303E+00  2.6588E-01
   11   S       4   2    5.2717E-01  8.5973E-02  4.5696E-01  7.4524E-02
   12   S       5  -1    5.8848E-01  9.5973E-02  4.2851E-01  6.9884E-02
   13   S       4   3    1.9434E+01  1.4593E+01  1.9434E+01  1.4593E+01
   14   S       5  -2    1.0197E+00  1.6630E-01  9.2446E-01  1.5077E-01
   15   S       6   0    5.3070E-01  8.6550E-02  4.4940E-01  7.3291E-02
   16   S       4   4    1.4287E+00  2.3300E-01  1.8965E+00  3.0929E-01
   17   S       5  -3    3.1448E-01  5.1287E-02  3.7158E-01  6.0599E-02
   18   S       6   1    2.9601E-01  4.8274E-02  3.5987E-01  5.8690E-02
   19   S       7  -1    1.1974E-02  1.9528E-03  1.5531E-02  2.5328E-03
   20   S       5  -4    1.6126E-01  2.6300E-02  2.9955E-01  4.8852E-02
   21   S       6   2    3.4797E-01  5.6749E-02  5.8480E-01  9.5373E-02
   22   S       6   3    9.0922E-02  1.4828E-02  2.2688E-01  3.7000E-02
   23   S       7  -2    1.8327E-02  2.9888E-03  7.1769E-02  1.1705E-02
   24   S       5  -5    3.0826E-02  5.0273E-03  2.1238E-01  3.4635E-02
    1   T   1   0   0    8.6648E-06  5.3130E-05  2.5876E-05  1.5867E-04
    2   T   1   1   0    1.2948E-04  7.9397E-04  1.2890E-04  7.9037E-04
    3   T   1   2   0    3.0346E-04  1.8607E-03  1.8125E-04  1.1114E-03
    4   T   3   2   0    6.5764E-04  4.0325E-03  4.3032E-04  2.6386E-03
    5   T   3   3   0    1.7839E-03  1.0938E-02  8.3375E-04  5.1124E-03
    6   T   3   4   0    5.4879E-03  3.3651E-02  1.9950E-03  1.2233E-02
    7   T   5   4   0    1.5064E-03  9.2367E-03  6.6166E-04  4.0571E-03
    8   T   5   5   0    7.6445E-03  4.6874E-02  2.7473E-03  1.6846E-02
    9   T   5   6   0    2.4074E-02  1.4762E-01  7.3207E-03  4.4889E-02
   10   T   7   6   0    4.9046E-04  3.0074E-03  2.1365E-04  1.3101E-03
   11   T   7   7   0    2.9237E-03  1.7928E-02  1.1038E-03  6.7682E-03
   12   T   7   8   0    8.5289E-03  5.2297E-02  2.8411E-03  1.7421E-02
   13   T   1   0   1    5.6509E-03  3.4650E-02  3.8839E-02  2.3815E-01
   14   T   1   1   1    1.0607E-02  6.5037E-02  2.4300E-02  1.4900E-01
   15   T   1   2   1    1.8393E-01  1.1278E+00  2.5283E-01  1.5503E+00
   16   T   2   1  -1    5.3739E-03  3.2952E-02  1.3599E-02  8.3385E-02
   17   T   2   2  -1    3.8119E-02  2.3374E-01  5.7877E-02  3.5489E-01
   18   T   2   3  -1    1.3120E-01  8.0452E-01  1.4229E-01  8.7251E-01
   19   T   3   2   1    5.0716E-03  3.1098E-02  9.1289E-03  5.5976E-02
   20   T   3   3   1    2.6054E-02  1.5976E-01  3.3498E-02  2.0540E-01
   21   T   3   4   1    1.4691E+01  2.6444E+01  1.4691E+01  2.6444E+01
   22   T   4   3  -1    2.0339E-03  1.2472E-02  3.1266E-03  1.9172E-02
   23   T   4   4  -1    1.5779E-02  9.6752E-02  1.8866E-02  1.1568E-01
   24   T   4   5  -1    7.2129E-02  4.4227E-01  7.0559E-02  4.3265E-01
   25   T   9   8   0    1.2622E-05  7.7395E-05  9.7352E-06  5.9694E-05
   26   T   9   9   0    8.0859E-05  4.9581E-04  5.5801E-05  3.4216E-04
   27   T   9  10   0    2.2504E-04  1.3799E-03  1.4051E-04  8.6157E-04
   28   T   5   4   1    8.3550E-04  5.1231E-03  1.6792E-03  1.0297E-02
   29   T   5   5   1    1.3454E-02  8.2500E-02  2.2125E-02  1.3566E-01
   30   T   5   6   1    1.4884E-01  9.1265E-01  2.0710E-01  1.2699E+00
   31   T   6   5  -1    8.4063E-05  5.1545E-04  2.3929E-04  1.4673E-03
   32   T   6   6  -1    4.9645E-04  3.0441E-03  1.1958E-03  7.3322E-03
   33   T   6   7  -1    1.5173E-03  9.3039E-03  3.1674E-03  1.9422E-02

 ** STMIX FINAL TIMING, ELAPSED:  00:00:00   CPU:  00:00:00  **

 Hibridon> 