
 --------------------------------------------------------------------------
           HIBRIDON SCATTERING CODE V 5.00

      AUTHORS: M. ALEXANDER, D. MANOLOPOULOS, H.-J. WERNER, B. FOLLMEG,
               P. DAGDIGIAN
 CONTRIBUTORS: D. LEMOINE, P. VOHRALIK, G. COREY, R. JOHNSON, T. ORLIKOWSKI,
          A. BERNING, A. DEGLI-ESPOSTI, C. RIST, B. POUILLY, J. KLOS, Q. MA,
          G. VAN DER SANDEN, M. YANG, F. DE WEERD, S. GREGURICK, F. LIQUE
 --------------------------------------------------------------------------
           BUILD CONFIGURATION:
CMAKE BUILD DATE: 2021-08-14 at 15:34
CMAKE BUILD TYPE: 
SYS: Darwin 20.5.0 x86_64
COMPILER: /usr/local/bin/gfortran
COMPILE OPTIONS: 
 --------------------------------------------------------------------------
            CURRENT HARDWARE CONFIGURATION:

      Model Name: MacBook Pro
      Model Identifier: MacBookPro14,3
      Processor Name: Quad-Core Intel Core i7
      Processor Speed: 2.9 GHz
      Number of Processors: 1
      Total Number of Cores: 4
      L2 Cache (per Core): 256 KB
      L3 Cache: 8 MB
      Hyper-Threading Technology: Enabled
      Memory: 16 GB
 --------------------------------------------------------------------------
 Hibridon>  Hibridon>  Hibridon>  ** NERG HAS BEEN RESET TO  1
 Hibridon>  Hibridon>  Hibridon>  Hibridon>  Hibridon>  Hibridon>  Hibridon>      *** Parameters (scattering):
 JTOT1  =   0        JTOT2  =   5        JTOTD  =   1        JLPAR  =   0
 NERG   =   1        NUMAX  =   0        NUMIN  =   0        NUD    =   1
 LSCREEN=  80        IPRINT =  -1
 FSTFAC =  1.100     RINCR  =  1.000     RCUT   =  100.0     RENDAI =  100.0    
 RENDLD =  8.000     RSTART =  3.500     SPAC   = 0.1000     TOLAI  =  1.020    
 XMU    =   3.11346
 NOUT: 13; JOUT:  0   1   2   3   4   5   6   7   8   9  10  11  12
 INDOUT:    0    1   -1    2   -2    3   -3    4   -4
     *** CH2X system parameters:
 NTERM  =   7        NUMPOT =   0        IPOTSY =   2        IOP    =   1
 IVBEND =   3        JMAX   =  16
 EMAX   =  1100.    
 LAMMIN:    2   1   2   3   4   5   6
 LAMMAX:    6   5   6   7   8   7   8
 MPROJ:     0   1   2   3   4   5   6
     *** Flags:
 AIRYFL= T    BASTST= F    BATCH = F    CHLIST= T    CSFLAG= F    FLAGHF= F
 FLAGSU= F    IHOMO = T    IPOS  = F    LOGDFL= T    NOPRIN= T    NUCROS= F
 PHOTOF= F    PRAIRY= F    PRLOGD= F    PRPART= F    PRSMAT= F    PRT2  = F
 PRXSEC= F    READPT= F    RSFLAG= F    T2TEST= F    TWOMOL= F    WAVEFL= F
 WRPART= F    WRSMAT= T    WRXSEC= T    BOUNDC= F
 ** Maximum Channels: 1451; Maximum Anisotropic Terms:    19
 ** Energies:      913.693000
 ** Label:      'Input for CH2(X)-He calculations'              
 ** Pot name:      MA CH2(X,030)-He PES                            
 ** Input File:  Ch2x3he_para.inp
 ** Output file: Outpt
 ** Jobname:     Ch2x_pq
 Hibridon>  ** J =    0 JLPAR = 1 FINISHED;  CPU: 00:00:00   WALL: 00:00:00   DATE: Aug 14 15:51:55 2021
 ** J =    1 JLPAR = 1 FINISHED;  CPU: 00:00:00   WALL: 00:00:00   DATE: Aug 14 15:51:55 2021
 ** J =    2 JLPAR = 1 FINISHED;  CPU: 00:00:00   WALL: 00:00:00   DATE: Aug 14 15:51:55 2021
 ** J =    3 JLPAR = 1 FINISHED;  CPU: 00:00:00   WALL: 00:00:00   DATE: Aug 14 15:51:56 2021
 ** J =    4 JLPAR = 1 FINISHED;  CPU: 00:00:00   WALL: 00:00:00   DATE: Aug 14 15:51:56 2021
 ** J =    5 JLPAR = 1 FINISHED;  CPU: 00:00:00   WALL: 00:00:00   DATE: Aug 14 15:51:56 2021
 ** J =    0 JLPAR =-1 FINISHED;  CPU: 00:00:00   WALL: 00:00:00   DATE: Aug 14 15:51:56 2021
 ** J =    1 JLPAR =-1 FINISHED;  CPU: 00:00:00   WALL: 00:00:00   DATE: Aug 14 15:51:56 2021
 ** J =    2 JLPAR =-1 FINISHED;  CPU: 00:00:00   WALL: 00:00:00   DATE: Aug 14 15:51:56 2021
 ** J =    3 JLPAR =-1 FINISHED;  CPU: 00:00:00   WALL: 00:00:00   DATE: Aug 14 15:51:56 2021
 ** J =    4 JLPAR =-1 FINISHED;  CPU: 00:00:00   WALL: 00:00:00   DATE: Aug 14 15:51:56 2021
 ** J =    5 JLPAR =-1 FINISHED;  CPU: 00:00:00   WALL: 00:00:00   DATE: Aug 14 15:51:57 2021
 ===============================================================================
 **** END OF CALCULATION ****
      MAXIMUM NUMBER OF CHANNELS USED WAS:    66
      TIMING:  ELAPSED 00:00:00 / CPU 00:00:00 / MP RATIO    NaN %
      CURRENT DATE:  Aug 14 15:51:57 2021
 ===============================================================================
 Hibridon> 
 INTEGRAL CROSS SECTIONS READ FROM FILE Ch2x_pq1.ics                            
 WRITTEN:   Aug 14 15:51:57 2021
 LABEL:     'Input for CH2(X)-He calculations'              
 POT NAME:  MA CH2(X,030)-He PES                            

 ** INTEGRAL CROSS SECTIONS; IEN= 1 **
    RMU=   3.1135  E=   913.69  JLPAR=-1  JTOT-1=  0  JTOT-2=   5  JTOT-D=  1
 ** CC CALCULATION, JLPAR=-1 **

 ** COLUMN HEADINGS ARE INITIAL STATES, ROW HEADINGS ARE FINAL STATES **

            J=    1         3         5         7         9         1         3
   J    I | I=    0         0         0         0         0         1         1
 
    1    0   9.056E-01  1.171E-01  5.427E-02  8.193E-03  3.201E-04  5.366E-03  4.370E-04
    3    0   2.494E-01  9.283E-01  1.512E-01  4.833E-02  2.065E-03  1.103E-02  7.956E-03
    5    0   1.503E-01  1.966E-01  9.051E-01  1.663E-01  1.328E-02  3.302E-02  2.727E-02
    7    0   2.160E-02  5.983E-02  1.583E-01  1.054E+00  9.015E-02  6.470E-03  1.527E-02
    1    1   2.331E-03  2.249E-03  5.180E-03  1.066E-03  4.305E-06  2.337E+00  2.065E-01
    2   -1   5.953E-03  5.081E-03  4.453E-03  7.186E-03  4.302E-04  3.477E-01  2.007E-01
    3    1   3.383E-04  2.892E-03  7.623E-03  4.483E-03  2.484E-04  3.680E-01  2.902E+00
    4   -1   3.584E-03  4.944E-03  7.519E-03  2.439E-02  6.616E-03  6.117E-02  9.434E-02
    9    0   4.618E-04  1.399E-03  6.917E-03  4.932E-02  2.288E+00  1.429E-05  4.628E-04
    5    1   3.473E-05  3.063E-04  1.409E-03  6.967E-03  2.921E-03  2.998E-02  2.199E-01
 
    6   -1   1.667E-04  3.082E-04  7.682E-04  3.411E-03  6.272E-02  1.735E-03  3.786E-03

            J=    5         2         4         6
   J    I | I=    1        -1        -1        -1
 
    1    0   5.737E-05  9.080E-03  4.305E-03  4.035E-04
    3    0   1.078E-03  1.651E-02  1.265E-02  1.588E-03
    5    0   6.445E-03  1.881E-02  2.502E-02  5.149E-03
    7    0   3.034E-02  2.890E-02  7.726E-02  2.176E-02
    1    1   2.152E-02  2.304E-01  3.192E-02  1.824E-03
    2   -1   2.774E-02  2.369E+00  2.321E-01  1.284E-02
    3    1   2.813E-01  2.370E-01  8.773E-02  7.093E-03
    4   -1   8.804E-02  2.948E-01  3.443E+00  1.980E-01
    9    0   6.961E-03  9.466E-04  1.146E-02  2.189E-01
    5    1   5.431E+00  2.561E-02  6.401E-02  3.706E-02
 
    6   -1   2.530E-02  8.096E-03  9.829E-02  8.117E+00
 Hibridon> 
% HYPERFINE-RESOLVED CROSS SECTIONS
%      LABEL:     'Input for CH2(X)-He calculations'              
%      POT NAME:  MA CH2(X,030)-He PES                            
%      S-MATRICES READ FROM FILE Ch2x_pq1.smt                            
%      WRITTEN:   Aug 14 15:51:55 2021
%      JTOT2:              5
%      ETOT:         913.693 CM(-1)

% NUCLEAR SPIN =  1.0

 Computing partial wave J_tot =  0.0, jlpar=   1
 Computing partial wave J_tot =  0.0, jlpar=  -1
 Computing partial wave J_tot =  1.0, jlpar=   1
 Computing partial wave J_tot =  1.0, jlpar=  -1
 Computing partial wave J_tot =  2.0, jlpar=   1
 Computing partial wave J_tot =  2.0, jlpar=  -1
 Computing partial wave J_tot =  3.0, jlpar=   1
 Computing partial wave J_tot =  3.0, jlpar=  -1
 Computing partial wave J_tot =  4.0, jlpar=   1
 Computing partial wave J_tot =  4.0, jlpar=  -1
 Computing partial wave J_tot =  5.0, jlpar=   1
 Computing partial wave J_tot =  5.0, jlpar=  -1
 Computing partial wave J_tot =  6.0, jlpar=   1
 Computing partial wave J_tot =  6.0, jlpar=  -1
%     E(CM-1)     JI     INI   FI      JF     INF   FF      CROSS SECTION (ANG^2)
     913.693     1.0     0   0.0      1.0     0   0.0          7.1650E-01
     913.693     1.0     0   0.0      1.0     0   1.0          7.8295E-02
     913.693     1.0     0   0.0      1.0     0   2.0          1.1081E-01
     913.693     1.0     0   0.0      3.0     0   2.0          1.2292E-01
     913.693     1.0     0   0.0      3.0     0   3.0          1.2273E-02
     913.693     1.0     0   0.0      3.0     0   4.0          1.1418E-01
     913.693     1.0     0   0.0      1.0     1   1.0          2.1631E-03
     913.693     1.0     0   0.0      1.0     1   2.0          1.6838E-04
     913.693     1.0     0   0.0      2.0    -1   1.0          3.8441E-03
     913.693     1.0     0   0.0      2.0    -1   2.0          5.2892E-04
     913.693     1.0     0   0.0      2.0    -1   3.0          1.5802E-03
     913.693     1.0     0   0.0      3.0     1   2.0          2.4880E-05
     913.693     1.0     0   0.0      3.0     1   3.0          2.8923E-04
     913.693     1.0     0   0.0      3.0     1   4.0          2.4220E-05
     913.693     1.0     0   1.0      1.0     0   0.0          2.6098E-02
     913.693     1.0     0   1.0      1.0     0   1.0          7.6378E-01
     913.693     1.0     0   1.0      1.0     0   2.0          1.1573E-01
     913.693     1.0     0   1.0      3.0     0   2.0          4.6818E-02
     913.693     1.0     0   1.0      3.0     0   3.0          1.2528E-01
     913.693     1.0     0   1.0      3.0     0   4.0          7.7277E-02
     913.693     1.0     0   1.0      1.0     1   0.0          7.2104E-04
     913.693     1.0     0   1.0      1.0     1   1.0          5.8287E-04
     913.693     1.0     0   1.0      1.0     1   2.0          1.0276E-03
     913.693     1.0     0   1.0      2.0    -1   1.0          1.1990E-03
     913.693     1.0     0   1.0      2.0    -1   2.0          3.4539E-03
     913.693     1.0     0   1.0      2.0    -1   3.0          1.3003E-03
     913.693     1.0     0   1.0      3.0     1   2.0          1.4602E-04
     913.693     1.0     0   1.0      3.0     1   3.0          3.7720E-05
     913.693     1.0     0   1.0      3.0     1   4.0          1.5459E-04
     913.693     1.0     0   2.0      1.0     0   0.0          2.2162E-02
     913.693     1.0     0   2.0      1.0     0   1.0          6.9439E-02
     913.693     1.0     0   2.0      1.0     0   2.0          8.1401E-01
     913.693     1.0     0   2.0      3.0     0   2.0          5.4197E-02
     913.693     1.0     0   2.0      3.0     0   3.0          7.2002E-02
     913.693     1.0     0   2.0      3.0     0   4.0          1.2317E-01
     913.693     1.0     0   2.0      1.0     1   0.0          3.3675E-05
     913.693     1.0     0   2.0      1.0     1   1.0          6.1655E-04
     913.693     1.0     0   2.0      1.0     1   2.0          1.6813E-03
     913.693     1.0     0   2.0      2.0    -1   1.0          6.5492E-04
     913.693     1.0     0   2.0      2.0    -1   2.0          1.3938E-03
     913.693     1.0     0   2.0      2.0    -1   3.0          3.9045E-03
     913.693     1.0     0   2.0      3.0     1   2.0          5.2409E-05
     913.693     1.0     0   2.0      3.0     1   3.0          1.2252E-04
     913.693     1.0     0   2.0      3.0     1   4.0          1.6340E-04
     913.693     3.0     0   2.0      1.0     0   0.0          2.6933E-02
     913.693     3.0     0   2.0      1.0     0   1.0          3.0775E-02
     913.693     3.0     0   2.0      1.0     0   2.0          5.9376E-02
     913.693     3.0     0   2.0      3.0     0   2.0          7.5298E-01
     913.693     3.0     0   2.0      3.0     0   3.0          1.2180E-01
     913.693     3.0     0   2.0      3.0     0   4.0          5.3471E-02
     913.693     3.0     0   2.0      1.0     1   0.0          4.2050E-05
     913.693     3.0     0   2.0      1.0     1   1.0          1.3838E-03
     913.693     3.0     0   2.0      1.0     1   2.0          8.2345E-04
     913.693     3.0     0   2.0      2.0    -1   1.0          1.4689E-03
     913.693     3.0     0   2.0      2.0    -1   2.0          9.4659E-04
     913.693     3.0     0   2.0      2.0    -1   3.0          2.6658E-03
     913.693     3.0     0   2.0      3.0     1   2.0          1.3365E-03
     913.693     3.0     0   2.0      3.0     1   3.0          9.9291E-04
     913.693     3.0     0   2.0      3.0     1   4.0          5.6293E-04
     913.693     3.0     0   3.0      1.0     0   0.0          1.9208E-03
     913.693     3.0     0   3.0      1.0     0   1.0          5.8819E-02
     913.693     3.0     0   3.0      1.0     0   2.0          5.6344E-02
     913.693     3.0     0   3.0      3.0     0   2.0          8.7001E-02
     913.693     3.0     0   3.0      3.0     0   3.0          7.2977E-01
     913.693     3.0     0   3.0      3.0     0   4.0          1.1148E-01
     913.693     3.0     0   3.0      1.0     1   0.0          6.7086E-04
     913.693     3.0     0   3.0      1.0     1   1.0          1.9890E-04
     913.693     3.0     0   3.0      1.0     1   2.0          1.3795E-03
     913.693     3.0     0   3.0      2.0    -1   1.0          4.5533E-04
     913.693     3.0     0   3.0      2.0    -1   2.0          2.6305E-03
     913.693     3.0     0   3.0      2.0    -1   3.0          1.9955E-03
     913.693     3.0     0   3.0      3.0     1   2.0          7.0922E-04
     913.693     3.0     0   3.0      3.0     1   3.0          1.2188E-03
     913.693     3.0     0   3.0      3.0     1   4.0          9.6437E-04
     913.693     3.0     0   4.0      1.0     0   0.0          1.3898E-02
     913.693     3.0     0   4.0      1.0     0   1.0          2.8220E-02
     913.693     3.0     0   4.0      1.0     0   2.0          7.4966E-02
     913.693     3.0     0   4.0      3.0     0   2.0          2.9706E-02
     913.693     3.0     0   4.0      3.0     0   3.0          8.6709E-02
     913.693     3.0     0   4.0      3.0     0   4.0          8.1184E-01
     913.693     3.0     0   4.0      1.0     1   0.0          3.8003E-05
     913.693     3.0     0   4.0      1.0     1   1.0          8.2597E-04
     913.693     3.0     0   4.0      1.0     1   2.0          1.3853E-03
     913.693     3.0     0   4.0      2.0    -1   1.0          1.2010E-03
     913.693     3.0     0   4.0      2.0    -1   2.0          1.3803E-03
     913.693     3.0     0   4.0      2.0    -1   3.0          2.4999E-03
     913.693     3.0     0   4.0      3.0     1   2.0          3.1274E-04
     913.693     3.0     0   4.0      3.0     1   3.0          7.5006E-04
     913.693     3.0     0   4.0      3.0     1   4.0          1.8296E-03
     913.693     1.0     1   0.0      1.0     0   1.0          4.9784E-03
     913.693     1.0     1   0.0      1.0     0   2.0          3.8751E-04
     913.693     1.0     1   0.0      3.0     0   2.0          4.4169E-04
     913.693     1.0     1   0.0      3.0     0   3.0          9.8652E-03
     913.693     1.0     1   0.0      3.0     0   4.0          7.1851E-04
     913.693     1.0     1   0.0      1.0     1   0.0          1.8932E+00
     913.693     1.0     1   0.0      1.0     1   1.0          2.3474E-01
     913.693     1.0     1   0.0      1.0     1   2.0          2.0951E-01
     913.693     1.0     1   0.0      2.0    -1   1.0          8.9451E-03
     913.693     1.0     1   0.0      2.0    -1   2.0          3.1386E-01
     913.693     1.0     1   0.0      2.0    -1   3.0          2.4922E-02
     913.693     1.0     1   0.0      3.0     1   2.0          2.9046E-01
     913.693     1.0     1   0.0      3.0     1   3.0          1.9822E-02
     913.693     1.0     1   0.0      3.0     1   4.0          5.7745E-02
     913.693     1.0     1   1.0      1.0     0   0.0          1.6595E-03
     913.693     1.0     1   1.0      1.0     0   1.0          1.3415E-03
     913.693     1.0     1   1.0      1.0     0   2.0          2.3650E-03
     913.693     1.0     1   1.0      3.0     0   2.0          4.8449E-03
     913.693     1.0     1   1.0      3.0     0   3.0          9.7495E-04
     913.693     1.0     1   1.0      3.0     0   4.0          5.2055E-03
     913.693     1.0     1   1.0      1.0     1   0.0          7.8246E-02
     913.693     1.0     1   1.0      1.0     1   1.0          2.0043E+00
     913.693     1.0     1   1.0      1.0     1   2.0          2.5494E-01
     913.693     1.0     1   1.0      2.0    -1   1.0          1.4347E-01
     913.693     1.0     1   1.0      2.0    -1   2.0          4.1171E-02
     913.693     1.0     1   1.0      2.0    -1   3.0          1.6308E-01
     913.693     1.0     1   1.0      3.0     1   2.0          1.0626E-01
     913.693     1.0     1   1.0      3.0     1   3.0          2.1612E-01
     913.693     1.0     1   1.0      3.0     1   4.0          4.5648E-02
     913.693     1.0     1   2.0      1.0     0   0.0          7.7503E-05
     913.693     1.0     1   2.0      1.0     0   1.0          1.4190E-03
     913.693     1.0     1   2.0      1.0     0   2.0          3.8694E-03
     913.693     1.0     1   2.0      3.0     0   2.0          1.7299E-03
     913.693     1.0     1   2.0      3.0     0   3.0          4.0572E-03
     913.693     1.0     1   2.0      3.0     0   4.0          5.2383E-03
     913.693     1.0     1   2.0      1.0     1   0.0          4.1902E-02
     913.693     1.0     1   2.0      1.0     1   1.0          1.5296E-01
     913.693     1.0     1   2.0      1.0     1   2.0          2.1426E+00
     913.693     1.0     1   2.0      2.0    -1   1.0          3.7309E-02
     913.693     1.0     1   2.0      2.0    -1   2.0          1.2116E-01
     913.693     1.0     1   2.0      2.0    -1   3.0          1.8926E-01
     913.693     1.0     1   2.0      3.0     1   2.0          3.5878E-02
     913.693     1.0     1   2.0      3.0     1   3.0          8.7180E-02
     913.693     1.0     1   2.0      3.0     1   4.0          2.4497E-01
     913.693     2.0    -1   1.0      1.0     0   0.0          3.2574E-03
     913.693     2.0    -1   1.0      1.0     0   1.0          3.0481E-03
     913.693     2.0    -1   1.0      1.0     0   2.0          2.7747E-03
     913.693     2.0    -1   1.0      3.0     0   2.0          5.6808E-03
     913.693     2.0    -1   1.0      3.0     0   3.0          2.4653E-03
     913.693     2.0    -1   1.0      3.0     0   4.0          8.3606E-03
     913.693     2.0    -1   1.0      1.0     1   0.0          3.2934E-03
     913.693     2.0    -1   1.0      1.0     1   1.0          1.5847E-01
     913.693     2.0    -1   1.0      1.0     1   2.0          6.8682E-02
     913.693     2.0    -1   1.0      2.0    -1   1.0          2.0581E+00
     913.693     2.0    -1   1.0      2.0    -1   2.0          2.0718E-01
     913.693     2.0    -1   1.0      2.0    -1   3.0          1.0388E-01
     913.693     2.0    -1   1.0      3.0     1   2.0          1.1074E-01
     913.693     2.0    -1   1.0      3.0     1   3.0          9.7633E-02
     913.693     2.0    -1   1.0      3.0     1   4.0          2.8645E-02
     913.693     2.0    -1   2.0      1.0     0   0.0          2.6891E-04
     913.693     2.0    -1   2.0      1.0     0   1.0          5.2681E-03
     913.693     2.0    -1   2.0      1.0     0   2.0          3.5432E-03
     913.693     2.0    -1   2.0      3.0     0   2.0          2.1965E-03
     913.693     2.0    -1   2.0      3.0     0   3.0          8.5451E-03
     913.693     2.0    -1   2.0      3.0     0   4.0          5.7651E-03
     913.693     2.0    -1   2.0      1.0     1   0.0          6.9334E-02
     913.693     2.0    -1   2.0      1.0     1   1.0          2.7285E-02
     913.693     2.0    -1   2.0      1.0     1   2.0          1.3383E-01
     913.693     2.0    -1   2.0      2.0    -1   1.0          1.2431E-01
     913.693     2.0    -1   2.0      2.0    -1   2.0          2.0582E+00
     913.693     2.0    -1   2.0      2.0    -1   3.0          1.8662E-01
     913.693     2.0    -1   2.0      3.0     1   2.0          7.4293E-02
     913.693     2.0    -1   2.0      3.0     1   3.0          8.5635E-02
     913.693     2.0    -1   2.0      3.0     1   4.0          7.7087E-02
     913.693     2.0    -1   3.0      1.0     0   0.0          5.7386E-04
     913.693     2.0    -1   3.0      1.0     0   1.0          1.4166E-03
     913.693     2.0    -1   3.0      1.0     0   2.0          7.0897E-03
     913.693     2.0    -1   3.0      3.0     0   2.0          4.4183E-03
     913.693     2.0    -1   3.0      3.0     0   3.0          4.6303E-03
     913.693     2.0    -1   3.0      3.0     0   4.0          7.4581E-03
     913.693     2.0    -1   3.0      1.0     1   0.0          3.9325E-03
     913.693     2.0    -1   3.0      1.0     1   1.0          7.7199E-02
     913.693     2.0    -1   3.0      1.0     1   2.0          1.4932E-01
     913.693     2.0    -1   3.0      2.0    -1   1.0          4.4519E-02
     913.693     2.0    -1   3.0      2.0    -1   2.0          1.3330E-01
     913.693     2.0    -1   3.0      2.0    -1   3.0          2.1913E+00
     913.693     2.0    -1   3.0      3.0     1   2.0          2.0401E-02
     913.693     2.0    -1   3.0      3.0     1   3.0          6.6286E-02
     913.693     2.0    -1   3.0      3.0     1   4.0          1.5033E-01
     913.693     3.0     1   2.0      1.0     0   0.0          1.4996E-05
     913.693     3.0     1   2.0      1.0     0   1.0          2.6404E-04
     913.693     3.0     1   2.0      1.0     0   2.0          1.5794E-04
     913.693     3.0     1   2.0      3.0     0   2.0          3.6766E-03
     913.693     3.0     1   2.0      3.0     0   3.0          2.7313E-03
     913.693     3.0     1   2.0      3.0     0   4.0          1.5485E-03
     913.693     3.0     1   2.0      1.0     1   0.0          7.6070E-02
     913.693     3.0     1   2.0      1.0     1   1.0          8.3486E-02
     913.693     3.0     1   2.0      1.0     1   2.0          4.6981E-02
     913.693     3.0     1   2.0      2.0    -1   1.0          7.8768E-02
     913.693     3.0     1   2.0      2.0    -1   2.0          8.8076E-02
     913.693     3.0     1   2.0      2.0    -1   3.0          3.3860E-02
     913.693     3.0     1   2.0      3.0     1   2.0          2.5351E+00
     913.693     3.0     1   2.0      3.0     1   3.0          2.6533E-01
     913.693     3.0     1   2.0      3.0     1   4.0          1.0168E-01
     913.693     3.0     1   3.0      1.0     0   0.0          1.2452E-04
     913.693     3.0     1   3.0      1.0     0   1.0          4.8718E-05
     913.693     3.0     1   3.0      1.0     0   2.0          2.6374E-04
     913.693     3.0     1   3.0      3.0     0   2.0          1.9510E-03
     913.693     3.0     1   3.0      3.0     0   3.0          3.3527E-03
     913.693     3.0     1   3.0      3.0     0   4.0          2.6528E-03
     913.693     3.0     1   3.0      1.0     1   0.0          3.7080E-03
     913.693     3.0     1   3.0      1.0     1   1.0          1.2129E-01
     913.693     3.0     1   3.0      1.0     1   2.0          8.1542E-02
     913.693     3.0     1   3.0      2.0    -1   1.0          4.9605E-02
     913.693     3.0     1   3.0      2.0    -1   2.0          7.2516E-02
     913.693     3.0     1   3.0      2.0    -1   3.0          7.8583E-02
     913.693     3.0     1   3.0      3.0     1   2.0          1.8952E-01
     913.693     3.0     1   3.0      3.0     1   3.0          2.4762E+00
     913.693     3.0     1   3.0      3.0     1   4.0          2.3637E-01
     913.693     3.0     1   4.0      1.0     0   0.0          8.1100E-06
     913.693     3.0     1   4.0      1.0     0   1.0          1.5529E-04
     913.693     3.0     1   4.0      1.0     0   2.0          2.7358E-04
     913.693     3.0     1   4.0      3.0     0   2.0          8.6030E-04
     913.693     3.0     1   4.0      3.0     0   3.0          2.0633E-03
     913.693     3.0     1   4.0      3.0     0   4.0          5.0328E-03
     913.693     3.0     1   4.0      1.0     1   0.0          8.4016E-03
     913.693     3.0     1   4.0      1.0     1   1.0          1.9924E-02
     913.693     3.0     1   4.0      1.0     1   2.0          1.7821E-01
     913.693     3.0     1   4.0      2.0    -1   1.0          1.1320E-02
     913.693     3.0     1   4.0      2.0    -1   2.0          5.0771E-02
     913.693     3.0     1   4.0      2.0    -1   3.0          1.3861E-01
     913.693     3.0     1   4.0      3.0     1   2.0          5.6488E-02
     913.693     3.0     1   4.0      3.0     1   3.0          1.8385E-01
     913.693     3.0     1   4.0      3.0     1   4.0          2.6618E+00
 Hibridon> 
 SINGLET-TRIPLET MIXING CROSS SECTIONS
      LABEL:     'Input for CH2(X)-He calculations'              
      POT NAME:  MA CH2(X,030)-He PES                            

 S-MATRICES FOR SINGLET READ FROM FILE Ch2_pq1.smt                             
      WRITTEN:   Aug 12 10:14:20 2021

 S-MATRICES FOR TRIPLET READ FROM FILE Ch2x_pq1.smt                            
      WRITTEN:   Aug 14 15:51:55 2021

 ENERGY OF TRIPLET MANIFOLD RELATIVE TO SINGLET:  -328.327

 LEVELS WITH ENERGY .LT.    550.00 CM(-1):

     SINGLET LEVELS
  LEVEL LIST SORTED BY ENERGY
   #   J  IS  KP  KO  S   EINT(CM-1)
   1   0   0   0   0  +     0.000
   2   1  -1   1   1  -    27.187
   3   2   0   0   2  +    53.683
   4   2   1   1   1  +    72.007
   5   2   2   2   0  +    99.885
   6   3  -1   1   3  -   107.581
   7   3  -2   2   2  -   153.568
   8   4   0   0   4  +   169.196
   9   3  -3   3   1  -   209.109
  10   4   1   1   3  +   210.604
  11   4   2   2   2  +   239.275
  12   5  -1   1   5  -   248.278
  13   4   3   3   1  +   285.366
  14   5  -2   2   4  -   314.617
  15   6   0   0   6  +   340.102
  16   4   4   4   0  +   359.369
  17   5  -3   3   3  -   377.629
  18   6   1   1   5  +   414.533
  19   7  -1   1   7  -   446.584
  20   5  -4   4   2  -   453.223
  21   6   2   2   4  +   461.784
  22   6   3   3   3  +   502.132
  23   7  -2   2   6  -   539.402
  24   5  -5   5   1  -   549.739

     TRIPLET LEVELS
  LEVEL LIST SORTED BY ENERGY
   #   N   J  IS  KP  KO  S   EINT(CM-1)
   1   1   0   0   0   1  +  -312.679
   2   1   1   0   0   1  +  -312.679
   3   1   2   0   0   1  +  -312.679
   4   3   2   0   0   3  +  -234.360
   5   3   3   0   0   3  +  -234.360
   6   3   4   0   0   3  +  -234.360
   7   5   4   0   0   5  +   -93.055
   8   5   5   0   0   5  +   -93.055
   9   5   6   0   0   5  +   -93.055
  10   7   6   0   0   7  +   111.778
  11   7   7   0   0   7  +   111.778
  12   7   8   0   0   7  +   111.778
  13   1   0   1   1   0  +   195.162
  14   1   1   1   1   0  +   195.162
  15   1   2   1   1   0  +   195.162
  16   2   1  -1   1   2  -   232.094
  17   2   2  -1   1   2  -   232.094
  18   2   3  -1   1   2  -   232.094
  19   3   2   1   1   2  +   287.376
  20   3   3   1   1   2  +   287.376
  21   3   4   1   1   2  +   287.376
  22   4   3  -1   1   4  -   336.133
  23   4   4  -1   1   4  -   336.133
  24   4   5  -1   1   4  -   336.133
  25   9   8   0   0   9  +   380.824
  26   9   9   0   0   9  +   380.824
  27   9  10   0   0   9  +   380.824
  28   5   4   1   1   4  +   437.102
  29   5   5   1   1   4  +   437.102
  30   5   6   1   1   4  +   437.102
  31   6   5  -1   1   6  -   499.715
  32   6   6  -1   1   6  -   499.715
  33   6   7  -1   1   6  -   499.715

 SPECTROSCOPIC PERTURBATION - ZERO-ORDER LEVELS
          SINGLET:  STATE # 13  ENERGY =   285.366
          TRIPLET:  STATE # 21  ENERGY =   287.376
          SPIN-ORBIT MATRIX ELEMENT =   0.00001
     MIXED LEVELS:
          E(1)=   285.366    COEFFS =  1.0000 -0.0000
          E(2)=   287.376    COEFFS =  0.0000  1.0000

 INTEGRAL CROSS SECTIONS CALCULATED FROM LOADED S-MATRICES
     JTOT-MAX =   3 (SINGLET)     5 (TRIPLET)

 CROSS SECTIONS TO AND FROM PERTURBED LEVELS

    #  S/T  N   J   IS            FROM                    TO
                             1           2           1           2
    1   S       0   0    3.7127E-05  9.1876E-16  1.7125E-04  4.2378E-15
    2   S       1  -1    3.6631E-03  9.0649E-14  5.9064E-03  1.4616E-13
    3   S       2   0    2.2134E-02  5.4774E-13  2.2481E-02  5.5631E-13
    4   S       2   1    1.0992E-02  2.7201E-13  1.1562E-02  2.8612E-13
    5   S       2   2    2.8073E-02  6.9470E-13  3.1226E-02  7.7271E-13
    6   S       3  -1    5.7858E-02  1.4318E-12  4.6709E-02  1.1559E-12
    7   S       3  -2    2.3447E-02  5.8022E-13  2.0944E-02  5.1830E-13
    8   S       4   0    2.1266E-02  5.2626E-13  1.5330E-02  3.7936E-13
    9   S       3  -3    2.4513E-02  6.0661E-13  2.5129E-02  6.2186E-13
   10   S       4   1    4.9601E-02  1.2274E-12  3.9706E-02  9.8259E-13
   11   S       4   2    1.3626E-02  3.3719E-13  1.1811E-02  2.9229E-13
   12   S       5  -1    2.3400E-02  5.7906E-13  1.7039E-02  4.2165E-13
   13   S       4   3    6.2813E-01  6.2119E-11  6.2813E-01  6.2119E-11
   14   S       5  -2    4.6274E-02  1.1451E-12  4.1951E-02  1.0381E-12
   15   S       6   0    1.9882E-02  4.9200E-13  1.6836E-02  4.1663E-13
   16   S       4   4    4.6963E-02  1.1622E-12  6.2341E-02  1.5427E-12
   17   S       5  -3    5.7314E-03  1.4183E-13  6.7720E-03  1.6758E-13
   18   S       6   1    4.5177E-03  1.1180E-13  5.4924E-03  1.3592E-13
   19   S       7  -1    3.8772E-04  9.5945E-15  5.0287E-04  1.2444E-14
   20   S       5  -4    1.3418E-02  3.3206E-13  2.4925E-02  6.1679E-13
   21   S       6   2    7.3529E-03  1.8196E-13  1.2357E-02  3.0580E-13
   22   S       6   3    5.1474E-03  1.2738E-13  1.2844E-02  3.1784E-13
   23   S       7  -2    4.2169E-04  1.0435E-14  1.6514E-03  4.0865E-14
   24   S       5  -5    1.2724E-03  3.1486E-14  8.7659E-03  2.1692E-13
    1   T   1   0   0    7.6453E-18  3.0895E-07  2.2832E-17  9.2264E-07
    2   T   1   1   0    1.6899E-15  6.8288E-05  1.6822E-15  6.7979E-05
    3   T   1   2   0    2.6561E-15  1.0733E-04  1.5864E-15  6.4107E-05
    4   T   3   2   0    7.2674E-15  2.9368E-04  4.7553E-15  1.9216E-04
    5   T   3   3   0    1.8121E-14  7.3227E-04  8.4695E-15  3.4225E-04
    6   T   3   4   0    3.5122E-14  1.4193E-03  1.2768E-14  5.1594E-04
    7   T   5   4   0    1.3858E-14  5.6000E-04  6.0870E-15  2.4597E-04
    8   T   5   5   0    3.0935E-14  1.2501E-03  1.1117E-14  4.4926E-04
    9   T   5   6   0    7.6112E-14  3.0757E-03  2.3145E-14  9.3528E-04
   10   T   7   6   0    4.6422E-15  1.8759E-04  2.0222E-15  8.1717E-05
   11   T   7   7   0    2.0561E-14  8.3086E-04  7.7623E-15  3.1368E-04
   12   T   7   8   0    7.0511E-14  2.8494E-03  2.3488E-14  9.4917E-04
   13   T   1   0   1    8.4443E-14  3.4124E-03  5.8039E-13  2.3453E-02
   14   T   1   1   1    1.4886E-13  6.0155E-03  3.4105E-13  1.3782E-02
   15   T   1   2   1    1.8619E-12  7.5240E-02  2.5594E-12  1.0343E-01
   16   T   2   1  -1    8.7311E-14  3.5283E-03  2.2094E-13  8.9284E-03
   17   T   2   2  -1    5.0592E-13  2.0444E-02  7.6816E-13  3.1041E-02
   18   T   2   3  -1    1.1797E-12  4.7671E-02  1.2794E-12  5.1700E-02
   19   T   3   2   1    1.1213E-13  4.5310E-03  2.0183E-13  8.1558E-03
   20   T   3   3   1    2.6666E-13  1.0776E-02  3.4285E-13  1.3855E-02
   21   T   3   4   1    6.2538E-11  7.9600E-01  6.2538E-11  7.9600E-01
   22   T   4   3  -1    3.2140E-14  1.2988E-03  4.9407E-14  1.9965E-03
   23   T   4   4  -1    1.2032E-13  4.8621E-03  1.4386E-13  5.8132E-03
   24   T   4   5  -1    3.5643E-13  1.4403E-02  3.4867E-13  1.4090E-02
   25   T   9   8   0    9.0408E-17  3.6534E-06  6.9730E-17  2.8178E-06
   26   T   9   9   0    5.8826E-16  2.3772E-05  4.0595E-16  1.6405E-05
   27   T   9  10   0    2.1065E-15  8.5126E-05  1.3153E-15  5.3150E-05
   28   T   5   4   1    1.0204E-14  4.1234E-04  2.0508E-14  8.2875E-04
   29   T   5   5   1    8.2437E-14  3.3313E-03  1.3556E-13  5.4781E-03
   30   T   5   6   1    1.7140E-12  6.9264E-02  2.3850E-12  9.6377E-02
   31   T   6   5  -1    1.5828E-15  6.3962E-05  4.5056E-15  1.8207E-04
   32   T   6   6  -1    6.2108E-15  2.5098E-04  1.4959E-14  6.0451E-04
   33   T   6   7  -1    1.7272E-14  6.9796E-04  3.6055E-14  1.4570E-03

 ** STMIX FINAL TIMING, ELAPSED:  00:00:00   CPU:  00:00:00  **

 Hibridon> 