      BASTST                                     
 DUMMY POTENTIAL FOR TESTING PURPOSES            
 ==============================
     *** Parameters:
 JTOT1  =  20        JTOT2  =  20        JTOTD  =   5        JLPAR  =   1
 NERG   =   1        NUMAX  =   0        NUMIN  =   0        NUD    =   1
 LSCREEN=  48        IPRINT =   1
 FSTFAC =  15.00     RINCR  =  1.000     RCUT   = -30.00     RENDAI =  1.000    
 RENDLD =  1.000     RSTART =  1.000     SPAC   = 0.1000     TOLAI  =  1.000    
 XMU    =  16.47    
     *** SYMT|1SG system parameters:
 IPOTSY =   3        IOP    =   2        IPOTSY2=   2        J1MAX  =   5
 J2MIN  =   0        J2MAX  =   0
 BROT   =  9.578     CROT   =  4.742     DELTA  =  0.000     E1MAX  =  800.0    
 DROT   =  0.000    
 J1/J2: 
     *** Flags:
 AIRYFL= F    BASTST= T    BATCH = F    CHLIST= T    CSFLAG= F    FLAGHF= F
 FLAGSU= F    IHOMO = F    IPOS  = F    LOGDFL= F    NOPRIN= F    NUCROS= F
 PHOTOF= F    PRAIRY= F    PRLOGD= F    PRPART= F    PRSMAT= F    PRT2  = F
 PRXSEC= F    READPT= F    RSFLAG= F    T2TEST= F    TWOMOL= T    WAVEFL= F
 WRPART= F    WRSMAT= F    WRXSEC= F    BOUNDC= F
 ** Energies:     5000.000000
 NOUT: 13; J1/J2-OUT: 00  01  02  03  04  05  06  07  08  09  10  11  12  
 INDOUT:    0   1  -1   2  -2   3  -3   4  -4
 ==============================

 --------------------------------------------------------------------------
           HIBRIDON SCATTERING CODE V 5.00

      AUTHORS: M. ALEXANDER, D. MANOLOPOULOS, H.-J. WERNER, B. FOLLMEG,
               P. DAGDIGIAN
 CONTRIBUTORS: D. LEMOINE, P. VOHRALIK, G. COREY, R. JOHNSON, T. ORLIKOWSKI,
          A. BERNING, A. DEGLI-ESPOSTI, C. RIST, B. POUILLY, J. KLOS, Q. MA,
          G. VAN DER SANDEN, M. YANG, F. DE WEERD, S. GREGURICK, F. LIQUE
 --------------------------------------------------------------------------
           BUILD CONFIGURATION:
CMAKE BUILD DATE: 2023-03-19 at 06:31
CMAKE BUILD TYPE: Debug
CODE GIT REVISION: 1fcb147e9fd2389308cef4327231b8189453850f
SYS: Darwin 22.2.0 x86_64
COMPILER: /opt/intel/oneapi/compiler/2022.2.1/mac/bin/intel64/ifort
COMPILE OPTIONS: 
 --------------------------------------------------------------------------
            CURRENT HARDWARE CONFIGURATION:
 
      Model Name: MacBook Pro
      Model Identifier: MacBookPro14,3
      Processor Name: Quad-Core Intel Core i7
      Processor Speed: 2.9 GHz
      Number of Processors: 1
      Total Number of Cores: 4
      L2 Cache (per Core): 256 KB
      L3 Cache: 8 MB
      Hyper-Threading Technology: Enabled
      Memory: 16 GB
 --------------------------------------------------------------------------

 -----------------------------------------------------------------------------
 All publications resulting from use of the integrators included in the
 Hibridon code must include the following reference:

 D. E. Manolopoulos, J. Chem. Phys. 85, 6425 (1986); M. H. Alexander and D. E.
 Manolopoulos, J. Chem. Phys. 80, 2044 (1987).

 All publications involving the determination ofphotodissociation cross sections
 must also include the following reference:

 M. H. Alexander, Comput. Phys. Commun, 75, 87 (1993).

 All publications investigating flux redistribution must include the following references:

 M. H. Alexander, J. Chem. Phys. 95, 8931 (1991); D. E. Manolopoulos and
 M. H. Alexander, J. Chem. Phys.  97, 2527 (1992).

 All publications resulting from use of the Hibridon package must include
 the following reference:

 HIBRIDON is a package of programs for the time-independent quantum treatment
 of inelastic collisions and photodissociation written by M. H. Alexander,
 D. E.  Manolopoulos, H.-J. Werner, and B. Follmeg, with contributions by
 P. F. Vohralik, D. Lemoine, G. Corey, B. Johnson, T. Orlikowski, A. Berning,
 A. Degli-Esposti, C. Rist, P. Dagdigian, B. Pouilly, G. van der Sanden, M. Yang, F. de Weerd, S. Gregurick, J. Klos, and F. Lique
 -----------------------------------------------------------------------------

 ** LABEL:          BASTST                                     
 ** POT NAME:  DUMMY POTENTIAL FOR TESTING PURPOSES            
 ** DATE:      Mar 19 06:32:54 2023

 *** WARNING:  NAIRY .NE. 1 BUT AIRYFL .EQ. .FALSE.
 ** NMAX= 500  NAIRY= 500
 ** BASTST=.TRUE.; TEST OF SUBROUTINE BASIS
 **** END OF CALCULATION ****
      MAXIMUM NUMBER OF CHANNELS USED WAS:     0
      TIMING:  ELAPSED 00:00:00 / CPU 00:00:00 / MP RATIO    0.5 %
      CURRENT DATE:  Mar 19 06:32:54 2023
 ===============================================================================
