      BASTST                                     
 DUMMY POTENTIAL FOR TESTING PURPOSES            
 ==============================
     *** Parameters:
 JTOT1  =  20        JTOT2  =  20        JTOTD  =   5        JLPAR  =   1
 NERG   =   1        NUMAX  =   0        NUMIN  =   0        NUD    =   1
 LSCREEN=  48        IPRINT =   1
 FSTFAC =  15.00     RINCR  =  1.000     RCUT   =  30.00     RENDAI =  1.000    
 RENDLD =  1.000     RSTART =  1.000     SPAC   = 0.1000     TOLAI  =  1.000    
 XMU    =  16.47    
     *** SYMT-LIN system parameters:
 NTERM  =  12        NUMPOT =   0        IPOTSY =   3        IOP    =   1
 NINV   =   2        JMAX   =   4        IPOTSY2=   2        J2MAX  =   2
 J2MIN  =   0
 BROT   =  9.940     CROT   =  6.304     DELTA  = 0.7903     EMAX   =  400.0    
 DROT   =  59.32    
 LAMMIN:    0   3   6   0   3   6   1   3   6   2
            3   6
 LAMMAX:    6   6   6   6   6   6   6   6   6   6
            6   6
 MPROJ:     0   3   6   0   3   6   0   3   6   0
            3   6
     *** Flags:
 AIRYFL= F    BASTST= T    BATCH = F    CHLIST= T    CSFLAG= F    FLAGHF= F
 FLAGSU= F    IHOMO = F    IPOS  = F    LOGDFL= F    NOPRIN= F    NUCROS= F
 PHOTOF= F    PRAIRY= F    PRLOGD= F    PRPART= F    PRSMAT= F    PRT2  = F
 PRXSEC= F    READPT= F    RSFLAG= F    T2TEST= F    TWOMOL= F    WAVEFL= F
 WRPART= F    WRSMAT= F    WRXSEC= F    BOUNDC= F
 ** Energies:     5000.000000
 NOUT:  4; JOUT:  0   1   2   3
 INDOUT:    0
 ==============================

 --------------------------------------------------------------------------
           HIBRIDON SCATTERING CODE V 5.00

      AUTHORS: M. ALEXANDER, D. MANOLOPOULOS, H.-J. WERNER, B. FOLLMEG,
               P. DAGDIGIAN
 CONTRIBUTORS: D. LEMOINE, P. VOHRALIK, G. COREY, R. JOHNSON, T. ORLIKOWSKI,
          A. BERNING, A. DEGLI-ESPOSTI, C. RIST, B. POUILLY, J. KLOS, Q. MA,
          G. VAN DER SANDEN, M. YANG, F. DE WEERD, S. GREGURICK, F. LIQUE
 --------------------------------------------------------------------------
           BUILD CONFIGURATION:
CMAKE BUILD DATE: 2023-03-19 at 04:58
CMAKE BUILD TYPE: Debug
CODE GIT REVISION: cd79e847730a9c21b4593c2e60c4c516cdbc6c67
SYS: Darwin 22.2.0 x86_64
COMPILER: /opt/intel/oneapi/compiler/2022.2.1/mac/bin/intel64/ifort
COMPILE OPTIONS: 
 --------------------------------------------------------------------------
            CURRENT HARDWARE CONFIGURATION:
 
      Model Name: MacBook Pro
      Model Identifier: MacBookPro14,3
      Processor Name: Quad-Core Intel Core i7
      Processor Speed: 2.9 GHz
      Number of Processors: 1
      Total Number of Cores: 4
      L2 Cache (per Core): 256 KB
      L3 Cache: 8 MB
      Hyper-Threading Technology: Enabled
      Memory: 16 GB
 --------------------------------------------------------------------------

 -----------------------------------------------------------------------------
 All publications resulting from use of the integrators included in the
 Hibridon code must include the following reference:

 D. E. Manolopoulos, J. Chem. Phys. 85, 6425 (1986); M. H. Alexander and D. E.
 Manolopoulos, J. Chem. Phys. 80, 2044 (1987).

 All publications involving the determination ofphotodissociation cross sections
 must also include the following reference:

 M. H. Alexander, Comput. Phys. Commun, 75, 87 (1993).

 All publications investigating flux redistribution must include the following references:

 M. H. Alexander, J. Chem. Phys. 95, 8931 (1991); D. E. Manolopoulos and
 M. H. Alexander, J. Chem. Phys.  97, 2527 (1992).

 All publications resulting from use of the Hibridon package must include
 the following reference:

 HIBRIDON is a package of programs for the time-independent quantum treatment
 of inelastic collisions and photodissociation written by M. H. Alexander,
 D. E.  Manolopoulos, H.-J. Werner, and B. Follmeg, with contributions by
 P. F. Vohralik, D. Lemoine, G. Corey, B. Johnson, T. Orlikowski, A. Berning,
 A. Degli-Esposti, C. Rist, P. Dagdigian, B. Pouilly, G. van der Sanden, M. Yang, F. de Weerd, S. Gregurick, J. Klos, and F. Lique
 -----------------------------------------------------------------------------

 ** LABEL:          BASTST                                     
 ** POT NAME:  DUMMY POTENTIAL FOR TESTING PURPOSES            
 ** DATE:      Mar 19 05:01:45 2023

 *** WARNING:  NAIRY .NE. 1 BUT AIRYFL .EQ. .FALSE.
 ** NMAX= 500  NAIRY= 500
 *** TOTAL NUMBER OF ANISOTROPIC TERMS = 45

 **  CC SYMMETRIC TOP **
     RMU=  16.4700  A=BROT=  9.940  CROT=  6.304  DELTA =   0.790  DROT= 59.322
  HOMOLIN= 2     E=5000.00  JTOT=  20   JLPAR= 1

 OPEN CHANNELS ELIMINATED WHICH ARE CLOSED AT R=   30.00

   N   J  EPS INV  K  J2  J12  L    EINT(CM-1)
   1   1   1   1   1   0   1  19    16.245
   2   1   1   1   1   0   1  21    16.245
   3   1  -1  -1   1   0   1  20    17.035
   4   1   1  -1   0   0   1  20    19.880
   5   2  -1   1   2   0   2  18    45.098
   6   2  -1   1   2   0   2  20    45.098
   7   2  -1   1   2   0   2  22    45.098
   8   2   1  -1   2   0   2  19    45.888
   9   2   1  -1   2   0   2  21    45.888
  10   2  -1   1   1   0   2  19    56.005
  11   2  -1   1   1   0   2  21    56.005
  12   2   1  -1   1   0   2  18    56.796
  13   2   1  -1   1   0   2  20    56.796
  14   2   1  -1   1   0   2  22    56.796
  15   2   1  -1   0   0   2  19    60.432
  16   2   1  -1   0   0   2  21    60.432
  17   3   1   1   3   0   3  17    86.560
  18   3   1   1   3   0   3  19    86.560
  19   3   1   1   3   0   3  21    86.560
  20   3   1   1   3   0   3  23    86.560
  21   3  -1  -1   3   0   3  18    87.351
  22   3  -1  -1   3   0   3  20    87.351
  23   3  -1  -1   3   0   3  22    87.351
  24   3   1   1   2   0   3  18   104.739
  25   3   1   1   2   0   3  20   104.739
  26   3   1   1   2   0   3  22   104.739
  27   3  -1  -1   2   0   3  17   105.530
  28   3  -1  -1   2   0   3  19   105.530
  29   3  -1  -1   2   0   3  21   105.530
  30   3  -1  -1   2   0   3  23   105.530
  31   3   1   1   1   0   3  17   115.647
  32   3   1   1   1   0   3  19   115.647
  33   3   1   1   1   0   3  21   115.647
  34   3   1   1   1   0   3  23   115.647
  35   3  -1  -1   1   0   3  18   116.437
  36   3  -1  -1   1   0   3  20   116.437
  37   3  -1  -1   1   0   3  22   116.437
  38   3   1  -1   0   0   3  18   119.282
  39   3   1  -1   0   0   3  20   119.282
  40   3   1  -1   0   0   3  22   119.282
  41   4  -1   1   4   0   4  16   140.631
  42   4  -1   1   4   0   4  18   140.631
  43   4  -1   1   4   0   4  20   140.631
  44   4  -1   1   4   0   4  22   140.631
  45   4  -1   1   4   0   4  24   140.631
  46   4   1  -1   4   0   4  17   141.422
  47   4   1  -1   4   0   4  19   141.422
  48   4   1  -1   4   0   4  21   141.422
  49   4   1  -1   4   0   4  23   141.422
  50   4  -1   1   3   0   4  17   166.082
  51   4  -1   1   3   0   4  19   166.082
  52   4  -1   1   3   0   4  21   166.082
  53   4  -1   1   3   0   4  23   166.082
  54   4   1  -1   3   0   4  16   166.872
  55   4   1  -1   3   0   4  18   166.872
  56   4   1  -1   3   0   4  20   166.872
  57   4   1  -1   3   0   4  22   166.872
  58   4   1  -1   3   0   4  24   166.872
  59   4  -1   1   2   0   4  16   184.261
  60   4  -1   1   2   0   4  18   184.261
  61   4  -1   1   2   0   4  20   184.261
  62   4  -1   1   2   0   4  22   184.261
  63   4  -1   1   2   0   4  24   184.261
  64   4   1  -1   2   0   4  17   185.051
  65   4   1  -1   2   0   4  19   185.051
  66   4   1  -1   2   0   4  21   185.051
  67   4   1  -1   2   0   4  23   185.051
  68   4  -1   1   1   0   4  17   195.168
  69   4  -1   1   1   0   4  19   195.168
  70   4  -1   1   1   0   4  21   195.168
  71   4  -1   1   1   0   4  23   195.168
  72   4   1  -1   1   0   4  16   195.959
  73   4   1  -1   1   0   4  18   195.959
  74   4   1  -1   1   0   4  20   195.959
  75   4   1  -1   1   0   4  22   195.959
  76   4   1  -1   1   0   4  24   195.959
  77   4   1  -1   0   0   4  17   199.594
  78   4   1  -1   0   0   4  19   199.594
  79   4   1  -1   0   0   4  21   199.594
  80   4   1  -1   0   0   4  23   199.594
  81   0   1  -1   0   2   2  19   356.722
  82   0   1  -1   0   2   2  21   356.722
  83   1   1   1   1   2   1  19   372.177
  84   1   1   1   1   2   1  21   372.177
  85   1   1   1   1   2   2  19   372.177
  86   1   1   1   1   2   2  21   372.177
  87   1   1   1   1   2   3  17   372.177
  88   1   1   1   1   2   3  19   372.177
  89   1   1   1   1   2   3  21   372.177
  90   1   1   1   1   2   3  23   372.177
  91   1  -1  -1   1   2   1  20   372.967
  92   1  -1  -1   1   2   2  18   372.967
  93   1  -1  -1   1   2   2  20   372.967
  94   1  -1  -1   1   2   2  22   372.967
  95   1  -1  -1   1   2   3  18   372.967
  96   1  -1  -1   1   2   3  20   372.967
  97   1  -1  -1   1   2   3  22   372.967
  98   1   1  -1   0   2   1  20   375.812
  99   1   1  -1   0   2   2  18   375.812
 100   1   1  -1   0   2   2  20   375.812
 101   1   1  -1   0   2   2  22   375.812
 102   1   1  -1   0   2   3  18   375.812
 103   1   1  -1   0   2   3  20   375.812
 104   1   1  -1   0   2   3  22   375.812
 105   2  -1   1   2   2   0  20   401.030
 106   2  -1   1   2   2   1  20   401.030
 107   2  -1   1   2   2   2  18   401.030
 108   2  -1   1   2   2   2  20   401.030
 109   2  -1   1   2   2   2  22   401.030
 110   2  -1   1   2   2   3  18   401.030
 111   2  -1   1   2   2   3  20   401.030
 112   2  -1   1   2   2   3  22   401.030
 113   2  -1   1   2   2   4  16   401.030
 114   2  -1   1   2   2   4  18   401.030
 115   2  -1   1   2   2   4  20   401.030
 116   2  -1   1   2   2   4  22   401.030
 117   2  -1   1   2   2   4  24   401.030
 118   2   1  -1   2   2   1  19   401.820
 119   2   1  -1   2   2   1  21   401.820
 120   2   1  -1   2   2   2  19   401.820
 121   2   1  -1   2   2   2  21   401.820
 122   2   1  -1   2   2   3  17   401.820
 123   2   1  -1   2   2   3  19   401.820
 124   2   1  -1   2   2   3  21   401.820
 125   2   1  -1   2   2   3  23   401.820
 126   2   1  -1   2   2   4  17   401.820
 127   2   1  -1   2   2   4  19   401.820
 128   2   1  -1   2   2   4  21   401.820
 129   2   1  -1   2   2   4  23   401.820
 130   2  -1   1   1   2   1  19   411.937
 131   2  -1   1   1   2   1  21   411.937
 132   2  -1   1   1   2   2  19   411.937
 133   2  -1   1   1   2   2  21   411.937
 134   2  -1   1   1   2   3  17   411.937
 135   2  -1   1   1   2   3  19   411.937
 136   2  -1   1   1   2   3  21   411.937
 137   2  -1   1   1   2   3  23   411.937
 138   2  -1   1   1   2   4  17   411.937
 139   2  -1   1   1   2   4  19   411.937
 140   2  -1   1   1   2   4  21   411.937
 141   2  -1   1   1   2   4  23   411.937
 142   2   1  -1   1   2   0  20   412.728
 143   2   1  -1   1   2   1  20   412.728
 144   2   1  -1   1   2   2  18   412.728
 145   2   1  -1   1   2   2  20   412.728
 146   2   1  -1   1   2   2  22   412.728
 147   2   1  -1   1   2   3  18   412.728
 148   2   1  -1   1   2   3  20   412.728
 149   2   1  -1   1   2   3  22   412.728
 150   2   1  -1   1   2   4  16   412.728
 151   2   1  -1   1   2   4  18   412.728
 152   2   1  -1   1   2   4  20   412.728
 153   2   1  -1   1   2   4  22   412.728
 154   2   1  -1   1   2   4  24   412.728
 155   2   1  -1   0   2   1  19   416.364
 156   2   1  -1   0   2   1  21   416.364
 157   2   1  -1   0   2   2  19   416.364
 158   2   1  -1   0   2   2  21   416.364
 159   2   1  -1   0   2   3  17   416.364
 160   2   1  -1   0   2   3  19   416.364
 161   2   1  -1   0   2   3  21   416.364
 162   2   1  -1   0   2   3  23   416.364
 163   2   1  -1   0   2   4  17   416.364
 164   2   1  -1   0   2   4  19   416.364
 165   2   1  -1   0   2   4  21   416.364
 166   2   1  -1   0   2   4  23   416.364
 167   3   1   1   3   2   1  19   442.492
 168   3   1   1   3   2   1  21   442.492
 169   3   1   1   3   2   2  19   442.492
 170   3   1   1   3   2   2  21   442.492
 171   3   1   1   3   2   3  17   442.492
 172   3   1   1   3   2   3  19   442.492
 173   3   1   1   3   2   3  21   442.492
 174   3   1   1   3   2   3  23   442.492
 175   3   1   1   3   2   4  17   442.492
 176   3   1   1   3   2   4  19   442.492
 177   3   1   1   3   2   4  21   442.492
 178   3   1   1   3   2   4  23   442.492
 179   3   1   1   3   2   5  15   442.492
 180   3   1   1   3   2   5  17   442.492
 181   3   1   1   3   2   5  19   442.492
 182   3   1   1   3   2   5  21   442.492
 183   3   1   1   3   2   5  23   442.492
 184   3   1   1   3   2   5  25   442.492
 185   3  -1  -1   3   2   1  20   443.283
 186   3  -1  -1   3   2   2  18   443.283
 187   3  -1  -1   3   2   2  20   443.283
 188   3  -1  -1   3   2   2  22   443.283
 189   3  -1  -1   3   2   3  18   443.283
 190   3  -1  -1   3   2   3  20   443.283
 191   3  -1  -1   3   2   3  22   443.283
 192   3  -1  -1   3   2   4  16   443.283
 193   3  -1  -1   3   2   4  18   443.283
 194   3  -1  -1   3   2   4  20   443.283
 195   3  -1  -1   3   2   4  22   443.283
 196   3  -1  -1   3   2   4  24   443.283
 197   3  -1  -1   3   2   5  16   443.283
 198   3  -1  -1   3   2   5  18   443.283
 199   3  -1  -1   3   2   5  20   443.283
 200   3  -1  -1   3   2   5  22   443.283
 201   3  -1  -1   3   2   5  24   443.283
 202   3   1   1   2   2   1  20   460.671
 203   3   1   1   2   2   2  18   460.671
 204   3   1   1   2   2   2  20   460.671
 205   3   1   1   2   2   2  22   460.671
 206   3   1   1   2   2   3  18   460.671
 207   3   1   1   2   2   3  20   460.671
 208   3   1   1   2   2   3  22   460.671
 209   3   1   1   2   2   4  16   460.671
 210   3   1   1   2   2   4  18   460.671
 211   3   1   1   2   2   4  20   460.671
 212   3   1   1   2   2   4  22   460.671
 213   3   1   1   2   2   4  24   460.671
 214   3   1   1   2   2   5  16   460.671
 215   3   1   1   2   2   5  18   460.671
 216   3   1   1   2   2   5  20   460.671
 217   3   1   1   2   2   5  22   460.671
 218   3   1   1   2   2   5  24   460.671
 219   3  -1  -1   2   2   1  19   461.462
 220   3  -1  -1   2   2   1  21   461.462
 221   3  -1  -1   2   2   2  19   461.462
 222   3  -1  -1   2   2   2  21   461.462
 223   3  -1  -1   2   2   3  17   461.462
 224   3  -1  -1   2   2   3  19   461.462
 225   3  -1  -1   2   2   3  21   461.462
 226   3  -1  -1   2   2   3  23   461.462
 227   3  -1  -1   2   2   4  17   461.462
 228   3  -1  -1   2   2   4  19   461.462
 229   3  -1  -1   2   2   4  21   461.462
 230   3  -1  -1   2   2   4  23   461.462
 231   3  -1  -1   2   2   5  15   461.462
 232   3  -1  -1   2   2   5  17   461.462
 233   3  -1  -1   2   2   5  19   461.462
 234   3  -1  -1   2   2   5  21   461.462
 235   3  -1  -1   2   2   5  23   461.462
 236   3  -1  -1   2   2   5  25   461.462
 237   3   1   1   1   2   1  19   471.579
 238   3   1   1   1   2   1  21   471.579
 239   3   1   1   1   2   2  19   471.579
 240   3   1   1   1   2   2  21   471.579
 241   3   1   1   1   2   3  17   471.579
 242   3   1   1   1   2   3  19   471.579
 243   3   1   1   1   2   3  21   471.579
 244   3   1   1   1   2   3  23   471.579
 245   3   1   1   1   2   4  17   471.579
 246   3   1   1   1   2   4  19   471.579
 247   3   1   1   1   2   4  21   471.579
 248   3   1   1   1   2   4  23   471.579
 249   3   1   1   1   2   5  15   471.579
 250   3   1   1   1   2   5  17   471.579
 251   3   1   1   1   2   5  19   471.579
 252   3   1   1   1   2   5  21   471.579
 253   3   1   1   1   2   5  23   471.579
 254   3   1   1   1   2   5  25   471.579
 255   3  -1  -1   1   2   1  20   472.369
 256   3  -1  -1   1   2   2  18   472.369
 257   3  -1  -1   1   2   2  20   472.369
 258   3  -1  -1   1   2   2  22   472.369
 259   3  -1  -1   1   2   3  18   472.369
 260   3  -1  -1   1   2   3  20   472.369
 261   3  -1  -1   1   2   3  22   472.369
 262   3  -1  -1   1   2   4  16   472.369
 263   3  -1  -1   1   2   4  18   472.369
 264   3  -1  -1   1   2   4  20   472.369
 265   3  -1  -1   1   2   4  22   472.369
 266   3  -1  -1   1   2   4  24   472.369
 267   3  -1  -1   1   2   5  16   472.369
 268   3  -1  -1   1   2   5  18   472.369
 269   3  -1  -1   1   2   5  20   472.369
 270   3  -1  -1   1   2   5  22   472.369
 271   3  -1  -1   1   2   5  24   472.369
 272   3   1  -1   0   2   1  20   475.214
 273   3   1  -1   0   2   2  18   475.214
 274   3   1  -1   0   2   2  20   475.214
 275   3   1  -1   0   2   2  22   475.214
 276   3   1  -1   0   2   3  18   475.214
 277   3   1  -1   0   2   3  20   475.214
 278   3   1  -1   0   2   3  22   475.214
 279   3   1  -1   0   2   4  16   475.214
 280   3   1  -1   0   2   4  18   475.214
 281   3   1  -1   0   2   4  20   475.214
 282   3   1  -1   0   2   4  22   475.214
 283   3   1  -1   0   2   4  24   475.214
 284   3   1  -1   0   2   5  16   475.214
 285   3   1  -1   0   2   5  18   475.214
 286   3   1  -1   0   2   5  20   475.214
 287   3   1  -1   0   2   5  22   475.214
 288   3   1  -1   0   2   5  24   475.214
 289   4  -1   1   4   2   2  18   496.563
 290   4  -1   1   4   2   2  20   496.563
 291   4  -1   1   4   2   2  22   496.563
 292   4  -1   1   4   2   3  18   496.563
 293   4  -1   1   4   2   3  20   496.563
 294   4  -1   1   4   2   3  22   496.563
 295   4  -1   1   4   2   4  16   496.563
 296   4  -1   1   4   2   4  18   496.563
 297   4  -1   1   4   2   4  20   496.563
 298   4  -1   1   4   2   4  22   496.563
 299   4  -1   1   4   2   4  24   496.563
 300   4  -1   1   4   2   5  16   496.563
 301   4  -1   1   4   2   5  18   496.563
 302   4  -1   1   4   2   5  20   496.563
 303   4  -1   1   4   2   5  22   496.563
 304   4  -1   1   4   2   5  24   496.563
 305   4  -1   1   4   2   6  14   496.563
 306   4  -1   1   4   2   6  16   496.563
 307   4  -1   1   4   2   6  18   496.563
 308   4  -1   1   4   2   6  20   496.563
 309   4  -1   1   4   2   6  22   496.563
 310   4  -1   1   4   2   6  24   496.563
 311   4  -1   1   4   2   6  26   496.563
 312   4   1  -1   4   2   2  19   497.354
 313   4   1  -1   4   2   2  21   497.354
 314   4   1  -1   4   2   3  17   497.354
 315   4   1  -1   4   2   3  19   497.354
 316   4   1  -1   4   2   3  21   497.354
 317   4   1  -1   4   2   3  23   497.354
 318   4   1  -1   4   2   4  17   497.354
 319   4   1  -1   4   2   4  19   497.354
 320   4   1  -1   4   2   4  21   497.354
 321   4   1  -1   4   2   4  23   497.354
 322   4   1  -1   4   2   5  15   497.354
 323   4   1  -1   4   2   5  17   497.354
 324   4   1  -1   4   2   5  19   497.354
 325   4   1  -1   4   2   5  21   497.354
 326   4   1  -1   4   2   5  23   497.354
 327   4   1  -1   4   2   5  25   497.354
 328   4   1  -1   4   2   6  15   497.354
 329   4   1  -1   4   2   6  17   497.354
 330   4   1  -1   4   2   6  19   497.354
 331   4   1  -1   4   2   6  21   497.354
 332   4   1  -1   4   2   6  23   497.354
 333   4   1  -1   4   2   6  25   497.354
 334   4  -1   1   3   2   2  19   522.014
 335   4  -1   1   3   2   2  21   522.014
 336   4  -1   1   3   2   3  17   522.014
 337   4  -1   1   3   2   3  19   522.014
 338   4  -1   1   3   2   3  21   522.014
 339   4  -1   1   3   2   3  23   522.014
 340   4  -1   1   3   2   4  17   522.014
 341   4  -1   1   3   2   4  19   522.014
 342   4  -1   1   3   2   4  21   522.014
 343   4  -1   1   3   2   4  23   522.014
 344   4  -1   1   3   2   5  15   522.014
 345   4  -1   1   3   2   5  17   522.014
 346   4  -1   1   3   2   5  19   522.014
 347   4  -1   1   3   2   5  21   522.014
 348   4  -1   1   3   2   5  23   522.014
 349   4  -1   1   3   2   5  25   522.014
 350   4  -1   1   3   2   6  15   522.014
 351   4  -1   1   3   2   6  17   522.014
 352   4  -1   1   3   2   6  19   522.014
 353   4  -1   1   3   2   6  21   522.014
 354   4  -1   1   3   2   6  23   522.014
 355   4  -1   1   3   2   6  25   522.014
 356   4   1  -1   3   2   2  18   522.804
 357   4   1  -1   3   2   2  20   522.804
 358   4   1  -1   3   2   2  22   522.804
 359   4   1  -1   3   2   3  18   522.804
 360   4   1  -1   3   2   3  20   522.804
 361   4   1  -1   3   2   3  22   522.804
 362   4   1  -1   3   2   4  16   522.804
 363   4   1  -1   3   2   4  18   522.804
 364   4   1  -1   3   2   4  20   522.804
 365   4   1  -1   3   2   4  22   522.804
 366   4   1  -1   3   2   4  24   522.804
 367   4   1  -1   3   2   5  16   522.804
 368   4   1  -1   3   2   5  18   522.804
 369   4   1  -1   3   2   5  20   522.804
 370   4   1  -1   3   2   5  22   522.804
 371   4   1  -1   3   2   5  24   522.804
 372   4   1  -1   3   2   6  14   522.804
 373   4   1  -1   3   2   6  16   522.804
 374   4   1  -1   3   2   6  18   522.804
 375   4   1  -1   3   2   6  20   522.804
 376   4   1  -1   3   2   6  22   522.804
 377   4   1  -1   3   2   6  24   522.804
 378   4   1  -1   3   2   6  26   522.804
 379   4  -1   1   2   2   2  18   540.193
 380   4  -1   1   2   2   2  20   540.193
 381   4  -1   1   2   2   2  22   540.193
 382   4  -1   1   2   2   3  18   540.193
 383   4  -1   1   2   2   3  20   540.193
 384   4  -1   1   2   2   3  22   540.193
 385   4  -1   1   2   2   4  16   540.193
 386   4  -1   1   2   2   4  18   540.193
 387   4  -1   1   2   2   4  20   540.193
 388   4  -1   1   2   2   4  22   540.193
 389   4  -1   1   2   2   4  24   540.193
 390   4  -1   1   2   2   5  16   540.193
 391   4  -1   1   2   2   5  18   540.193
 392   4  -1   1   2   2   5  20   540.193
 393   4  -1   1   2   2   5  22   540.193
 394   4  -1   1   2   2   5  24   540.193
 395   4  -1   1   2   2   6  14   540.193
 396   4  -1   1   2   2   6  16   540.193
 397   4  -1   1   2   2   6  18   540.193
 398   4  -1   1   2   2   6  20   540.193
 399   4  -1   1   2   2   6  22   540.193
 400   4  -1   1   2   2   6  24   540.193
 401   4  -1   1   2   2   6  26   540.193
 402   4   1  -1   2   2   2  19   540.983
 403   4   1  -1   2   2   2  21   540.983
 404   4   1  -1   2   2   3  17   540.983
 405   4   1  -1   2   2   3  19   540.983
 406   4   1  -1   2   2   3  21   540.983
 407   4   1  -1   2   2   3  23   540.983
 408   4   1  -1   2   2   4  17   540.983
 409   4   1  -1   2   2   4  19   540.983
 410   4   1  -1   2   2   4  21   540.983
 411   4   1  -1   2   2   4  23   540.983
 412   4   1  -1   2   2   5  15   540.983
 413   4   1  -1   2   2   5  17   540.983
 414   4   1  -1   2   2   5  19   540.983
 415   4   1  -1   2   2   5  21   540.983
 416   4   1  -1   2   2   5  23   540.983
 417   4   1  -1   2   2   5  25   540.983
 418   4   1  -1   2   2   6  15   540.983
 419   4   1  -1   2   2   6  17   540.983
 420   4   1  -1   2   2   6  19   540.983
 421   4   1  -1   2   2   6  21   540.983
 422   4   1  -1   2   2   6  23   540.983
 423   4   1  -1   2   2   6  25   540.983
 424   4  -1   1   1   2   2  19   551.100
 425   4  -1   1   1   2   2  21   551.100
 426   4  -1   1   1   2   3  17   551.100
 427   4  -1   1   1   2   3  19   551.100
 428   4  -1   1   1   2   3  21   551.100
 429   4  -1   1   1   2   3  23   551.100
 430   4  -1   1   1   2   4  17   551.100
 431   4  -1   1   1   2   4  19   551.100
 432   4  -1   1   1   2   4  21   551.100
 433   4  -1   1   1   2   4  23   551.100
 434   4  -1   1   1   2   5  15   551.100
 435   4  -1   1   1   2   5  17   551.100
 436   4  -1   1   1   2   5  19   551.100
 437   4  -1   1   1   2   5  21   551.100
 438   4  -1   1   1   2   5  23   551.100
 439   4  -1   1   1   2   5  25   551.100
 440   4  -1   1   1   2   6  15   551.100
 441   4  -1   1   1   2   6  17   551.100
 442   4  -1   1   1   2   6  19   551.100
 443   4  -1   1   1   2   6  21   551.100
 444   4  -1   1   1   2   6  23   551.100
 445   4  -1   1   1   2   6  25   551.100
 446   4   1  -1   1   2   2  18   551.891
 447   4   1  -1   1   2   2  20   551.891
 448   4   1  -1   1   2   2  22   551.891
 449   4   1  -1   1   2   3  18   551.891
 450   4   1  -1   1   2   3  20   551.891
 451   4   1  -1   1   2   3  22   551.891
 452   4   1  -1   1   2   4  16   551.891
 453   4   1  -1   1   2   4  18   551.891
 454   4   1  -1   1   2   4  20   551.891
 455   4   1  -1   1   2   4  22   551.891
 456   4   1  -1   1   2   4  24   551.891
 457   4   1  -1   1   2   5  16   551.891
 458   4   1  -1   1   2   5  18   551.891
 459   4   1  -1   1   2   5  20   551.891
 460   4   1  -1   1   2   5  22   551.891
 461   4   1  -1   1   2   5  24   551.891
 462   4   1  -1   1   2   6  14   551.891
 463   4   1  -1   1   2   6  16   551.891
 464   4   1  -1   1   2   6  18   551.891
 465   4   1  -1   1   2   6  20   551.891
 466   4   1  -1   1   2   6  22   551.891
 467   4   1  -1   1   2   6  24   551.891
 468   4   1  -1   1   2   6  26   551.891
 469   4   1  -1   0   2   2  19   555.526
 470   4   1  -1   0   2   2  21   555.526
 471   4   1  -1   0   2   3  17   555.526
 472   4   1  -1   0   2   3  19   555.526
 473   4   1  -1   0   2   3  21   555.526
 474   4   1  -1   0   2   3  23   555.526
 475   4   1  -1   0   2   4  17   555.526
 476   4   1  -1   0   2   4  19   555.526
 477   4   1  -1   0   2   4  21   555.526
 478   4   1  -1   0   2   4  23   555.526
 479   4   1  -1   0   2   5  15   555.526
 480   4   1  -1   0   2   5  17   555.526
 481   4   1  -1   0   2   5  19   555.526
 482   4   1  -1   0   2   5  21   555.526
 483   4   1  -1   0   2   5  23   555.526
 484   4   1  -1   0   2   5  25   555.526
 485   4   1  -1   0   2   6  15   555.526
 486   4   1  -1   0   2   6  17   555.526
 487   4   1  -1   0   2   6  19   555.526
 488   4   1  -1   0   2   6  21   555.526
 489   4   1  -1   0   2   6  23   555.526
 490   4   1  -1   0   2   6  25   555.526
ILAM=  1 LAM=  0 MU=  0 LAM2=  0 MU2=  0 LAMNUM(ILAM) =    490
ILAM=  2 LAM=  1 MU=  0 LAM2=  0 MU2=  0 LAMNUM(ILAM) =   1922
ILAM=  3 LAM=  2 MU=  0 LAM2=  0 MU2=  0 LAMNUM(ILAM) =   4465
ILAM=  4 LAM=  3 MU=  0 LAM2=  0 MU2=  0 LAMNUM(ILAM) =   6271
ILAM=  5 LAM=  4 MU=  0 LAM2=  0 MU2=  0 LAMNUM(ILAM) =   7494
ILAM=  6 LAM=  5 MU=  0 LAM2=  0 MU2=  0 LAMNUM(ILAM) =   7268
ILAM=  7 LAM=  6 MU=  0 LAM2=  0 MU2=  0 LAMNUM(ILAM) =   6319
ILAM=  8 LAM=  3 MU=  3 LAM2=  0 MU2=  0 LAMNUM(ILAM) =   7631
ILAM=  9 LAM=  4 MU=  3 LAM2=  0 MU2=  0 LAMNUM(ILAM) =   8918
ILAM= 10 LAM=  5 MU=  3 LAM2=  0 MU2=  0 LAMNUM(ILAM) =   8576
ILAM= 11 LAM=  6 MU=  3 LAM2=  0 MU2=  0 LAMNUM(ILAM) =   7399
ILAM= 12 LAM=  6 MU=  6 LAM2=  0 MU2=  0 LAMNUM(ILAM) =   3510
ILAM= 13 LAM=  0 MU=  0 LAM2=  2 MU2=  0 LAMNUM(ILAM) =   2783
ILAM= 14 LAM=  1 MU=  0 LAM2=  2 MU2=  0 LAMNUM(ILAM) =   7152
ILAM= 15 LAM=  2 MU=  0 LAM2=  2 MU2=  0 LAMNUM(ILAM) =  10196
ILAM= 16 LAM=  3 MU=  0 LAM2=  2 MU2=  0 LAMNUM(ILAM) =  11676
ILAM= 17 LAM=  4 MU=  0 LAM2=  2 MU2=  0 LAMNUM(ILAM) =  12263
ILAM= 18 LAM=  5 MU=  0 LAM2=  2 MU2=  0 LAMNUM(ILAM) =  11372
ILAM= 19 LAM=  6 MU=  0 LAM2=  2 MU2=  0 LAMNUM(ILAM) =   9866
ILAM= 20 LAM=  3 MU=  3 LAM2=  2 MU2=  0 LAMNUM(ILAM) =  14308
ILAM= 21 LAM=  4 MU=  3 LAM2=  2 MU2=  0 LAMNUM(ILAM) =  14826
ILAM= 22 LAM=  5 MU=  3 LAM2=  2 MU2=  0 LAMNUM(ILAM) =  13400
ILAM= 23 LAM=  6 MU=  3 LAM2=  2 MU2=  0 LAMNUM(ILAM) =  11663
ILAM= 24 LAM=  6 MU=  6 LAM2=  2 MU2=  0 LAMNUM(ILAM) =   5488
ILAM= 25 LAM=  1 MU=  0 LAM2=  2 MU2=  1 LAMNUM(ILAM) =   7152
ILAM= 26 LAM=  2 MU=  0 LAM2=  2 MU2=  1 LAMNUM(ILAM) =  10196
ILAM= 27 LAM=  3 MU=  0 LAM2=  2 MU2=  1 LAMNUM(ILAM) =  11676
ILAM= 28 LAM=  4 MU=  0 LAM2=  2 MU2=  1 LAMNUM(ILAM) =  12263
ILAM= 29 LAM=  5 MU=  0 LAM2=  2 MU2=  1 LAMNUM(ILAM) =  11372
ILAM= 30 LAM=  6 MU=  0 LAM2=  2 MU2=  1 LAMNUM(ILAM) =   9866
ILAM= 31 LAM=  3 MU=  3 LAM2=  2 MU2=  1 LAMNUM(ILAM) =  14308
ILAM= 32 LAM=  4 MU=  3 LAM2=  2 MU2=  1 LAMNUM(ILAM) =  14826
ILAM= 33 LAM=  5 MU=  3 LAM2=  2 MU2=  1 LAMNUM(ILAM) =  13400
ILAM= 34 LAM=  6 MU=  3 LAM2=  2 MU2=  1 LAMNUM(ILAM) =  11663
ILAM= 35 LAM=  6 MU=  6 LAM2=  2 MU2=  1 LAMNUM(ILAM) =   5488
ILAM= 36 LAM=  2 MU=  0 LAM2=  2 MU2=  2 LAMNUM(ILAM) =  10196
ILAM= 37 LAM=  3 MU=  0 LAM2=  2 MU2=  2 LAMNUM(ILAM) =  11676
ILAM= 38 LAM=  4 MU=  0 LAM2=  2 MU2=  2 LAMNUM(ILAM) =  12261
ILAM= 39 LAM=  5 MU=  0 LAM2=  2 MU2=  2 LAMNUM(ILAM) =  11372
ILAM= 40 LAM=  6 MU=  0 LAM2=  2 MU2=  2 LAMNUM(ILAM) =   9866
ILAM= 41 LAM=  3 MU=  3 LAM2=  2 MU2=  2 LAMNUM(ILAM) =  14308
ILAM= 42 LAM=  4 MU=  3 LAM2=  2 MU2=  2 LAMNUM(ILAM) =  14823
ILAM= 43 LAM=  5 MU=  3 LAM2=  2 MU2=  2 LAMNUM(ILAM) =  13400
ILAM= 44 LAM=  6 MU=  3 LAM2=  2 MU2=  2 LAMNUM(ILAM) =  11663
ILAM= 45 LAM=  6 MU=  6 LAM2=  2 MU2=  2 LAMNUM(ILAM) =   5488
 ** TOTAL NUMBER OF NONZERO V2 MATRIX ELEMENTS IS  432519
 ** BASTST=.TRUE.; TEST OF SUBROUTINE BASIS
 **** END OF CALCULATION ****
      MAXIMUM NUMBER OF CHANNELS USED WAS:     0
      TIMING:  ELAPSED 00:00:04 / CPU 00:00:03 / MP RATIO   86.1 %
      CURRENT DATE:  Mar 19 05:01:49 2023
 ===============================================================================
