      BASTST                                     
 DUMMY POTENTIAL FOR TESTING PURPOSES            
 ==============================
     *** Parameters:
 JTOT1  =  20        JTOT2  =  20        JTOTD  =   5        JLPAR  =   1
 NERG   =   1        NUMAX  =   0        NUMIN  =   0        NUD    =   1
 LSCREEN=  48        IPRINT =   1
 FSTFAC =  15.00     RINCR  =  1.000     RCUT   =  30.00     RENDAI =  1.000    
 RENDLD =  1.000     RSTART =  1.000     SPAC   = 0.1000     TOLAI  =  1.000    
 XMU    =  16.47    
     *** 2-DELTA system parameters:
 NTERM  =   2        JMAX   =  10        IGU    =   1        ISA    =   0
 NPAR   =   2
 BROT   = 0.8000     ASO    = 2.0000E-02 P      = 2.0000E-02 Q      = 2.0000E-02
 LAMMIN:    1   2
 LAMMAX:    1   2
 MPROJ:     0   2
     *** Flags:
 AIRYFL= F    BASTST= T    BATCH = F    CHLIST= T    CSFLAG= F    FLAGHF= T
 FLAGSU= F    IHOMO = F    IPOS  = F    LOGDFL= F    NOPRIN= F    NUCROS= F
 PHOTOF= F    PRAIRY= F    PRLOGD= F    PRPART= F    PRSMAT= F    PRT2  = F
 PRXSEC= F    READPT= F    RSFLAG= F    T2TEST= F    TWOMOL= F    WAVEFL= F
 WRPART= F    WRSMAT= F    WRXSEC= F    BOUNDC= F
 ** Energies:     5000.000000
 NOUT: -2; JOUT:  0   2
 INDOUT:    0   1
 ==============================

 --------------------------------------------------------------------------
           HIBRIDON SCATTERING CODE V 5.00

      AUTHORS: M. ALEXANDER, D. MANOLOPOULOS, H.-J. WERNER, B. FOLLMEG,
               P. DAGDIGIAN
 CONTRIBUTORS: D. LEMOINE, P. VOHRALIK, G. COREY, R. JOHNSON, T. ORLIKOWSKI,
          A. BERNING, A. DEGLI-ESPOSTI, C. RIST, B. POUILLY, J. KLOS, Q. MA,
          G. VAN DER SANDEN, M. YANG, F. DE WEERD, S. GREGURICK, F. LIQUE
 --------------------------------------------------------------------------
           BUILD CONFIGURATION:
CMAKE BUILD DATE: 2023-01-24 at 10:38
CMAKE BUILD TYPE: Debug
CODE GIT REVISION: ce2c1c296c393645163a8cbdf7ab8a32ac6a5c4b
SYS: Darwin 22.2.0 x86_64
COMPILER: /opt/intel/oneapi/compiler/2022.2.1/mac/bin/intel64/ifort
COMPILE OPTIONS: 
 --------------------------------------------------------------------------
            CURRENT HARDWARE CONFIGURATION:
 
      Model Name: MacBook Pro
      Model Identifier: MacBookPro14,3
      Processor Name: Quad-Core Intel Core i7
      Processor Speed: 2.9 GHz
      Number of Processors: 1
      Total Number of Cores: 4
      L2 Cache (per Core): 256 KB
      L3 Cache: 8 MB
      Hyper-Threading Technology: Enabled
      Memory: 16 GB
 --------------------------------------------------------------------------

 -----------------------------------------------------------------------------
 All publications resulting from use of the integrators included in the
 Hibridon code must include the following reference:

 D. E. Manolopoulos, J. Chem. Phys. 85, 6425 (1986); M. H. Alexander and D. E.
 Manolopoulos, J. Chem. Phys. 80, 2044 (1987).

 All publications involving the determination ofphotodissociation cross sections
 must also include the following reference:

 M. H. Alexander, Comput. Phys. Commun, 75, 87 (1993).

 All publications investigating flux redistribution must include the following references:

 M. H. Alexander, J. Chem. Phys. 95, 8931 (1991); D. E. Manolopoulos and
 M. H. Alexander, J. Chem. Phys.  97, 2527 (1992).

 All publications resulting from use of the Hibridon package must include
 the following reference:

 HIBRIDON is a package of programs for the time-independent quantum treatment
 of inelastic collisions and photodissociation written by M. H. Alexander,
 D. E.  Manolopoulos, H.-J. Werner, and B. Follmeg, with contributions by
 P. F. Vohralik, D. Lemoine, G. Corey, B. Johnson, T. Orlikowski, A. Berning,
 A. Degli-Esposti, C. Rist, P. Dagdigian, B. Pouilly, G. van der Sanden, M. Yang, F. de Weerd, S. Gregurick, J. Klos, and F. Lique
 -----------------------------------------------------------------------------

 ** LABEL:          BASTST                                     
 ** POT NAME:  DUMMY POTENTIAL FOR TESTING PURPOSES            
 ** DATE:      Jan 24 10:39:34 2023

 *** WARNING:  NAIRY .NE. 1 BUT AIRYFL .EQ. .FALSE.
 ** NMAX= 500  NAIRY= 500
 ** NLAM= 0 RESET TO NLAM= 2    IN BASIS

 **  CC 2DEL INT. COUPLING ** RMU=  16.4700  BROT=  0.800  A-SO=   0.02
     E=5000.00  JTOT= 20.5   JLPAR= 1

 OPEN CHANNELS ELIMINATED WHICH ARE CLOSED AT R=   30.00

   N   J  EPS OMEGA   L    EINT(CM-1)  C-3/2     C-5/2
   1  2.5  -1   1    19    78.570     0.398     0.918
   2  2.5  -1   1    21    78.570     0.398     0.918
   3  2.5  -1   1    23    78.570     0.398     0.918
   4  2.5   1   1    18    78.967     0.438     0.899
   5  2.5   1   1    20    78.967     0.438     0.899
   6  2.5   1   1    22    78.967     0.438     0.899
   7  3.5  -1   1    18    82.512     0.482     0.876
   8  3.5  -1   1    20    82.512     0.482     0.876
   9  3.5  -1   1    22    82.512     0.482     0.876
  10  3.5  -1   1    24    82.512     0.482     0.876
  11  3.5   1   1    17    84.560     0.665     0.747
  12  3.5   1   1    19    84.560     0.665     0.747
  13  3.5   1   1    21    84.560     0.665     0.747
  14  3.5   1   1    23    84.560     0.665     0.747
  15  4.5  -1   1    17    86.712     0.526     0.851
  16  4.5  -1   1    19    86.712     0.526     0.851
  17  4.5  -1   1    21    86.712     0.526     0.851
  18  4.5  -1   1    23    86.712     0.526     0.851
  19  4.5  -1   1    25    86.712     0.526     0.851
  20  4.5   1   1    16    88.639    -0.898     0.440
  21  4.5   1   1    18    88.639    -0.898     0.440
  22  4.5   1   1    20    88.639    -0.898     0.440
  23  4.5   1   1    22    88.639    -0.898     0.440
  24  4.5   1   1    24    88.639    -0.898     0.440
  25  5.5  -1   1    16    90.238     0.555     0.832
  26  5.5  -1   1    18    90.238     0.555     0.832
  27  5.5  -1   1    20    90.238     0.555     0.832
  28  5.5  -1   1    22    90.238     0.555     0.832
  29  5.5  -1   1    24    90.238     0.555     0.832
  30  5.5  -1   1    26    90.238     0.555     0.832
  31  5.5   1   1    15    89.289    -0.850     0.526
  32  5.5   1   1    17    89.289    -0.850     0.526
  33  5.5   1   1    19    89.289    -0.850     0.526
  34  5.5   1   1    21    89.289    -0.850     0.526
  35  5.5   1   1    23    89.289    -0.850     0.526
  36  5.5   1   1    25    89.289    -0.850     0.526
  37  6.5  -1   1    15    91.921     0.576     0.818
  38  6.5  -1   1    17    91.921     0.576     0.818
  39  6.5  -1   1    19    91.921     0.576     0.818
  40  6.5  -1   1    21    91.921     0.576     0.818
  41  6.5  -1   1    23    91.921     0.576     0.818
  42  6.5  -1   1    25    91.921     0.576     0.818
  43  6.5  -1   1    27    91.921     0.576     0.818
  44  6.5   1   1    14    86.280    -0.827     0.562
  45  6.5   1   1    16    86.280    -0.827     0.562
  46  6.5   1   1    18    86.280    -0.827     0.562
  47  6.5   1   1    20    86.280    -0.827     0.562
  48  6.5   1   1    22    86.280    -0.827     0.562
  49  6.5   1   1    24    86.280    -0.827     0.562
  50  6.5   1   1    26    86.280    -0.827     0.562
  51  7.5  -1   1    14    90.351     0.592     0.806
  52  7.5  -1   1    16    90.351     0.592     0.806
  53  7.5  -1   1    18    90.351     0.592     0.806
  54  7.5  -1   1    20    90.351     0.592     0.806
  55  7.5  -1   1    22    90.351     0.592     0.806
  56  7.5  -1   1    24    90.351     0.592     0.806
  57  7.5  -1   1    26    90.351     0.592     0.806
  58  7.5  -1   1    28    90.351     0.592     0.806
  59  7.5   1   1    13    77.915    -0.812     0.584
  60  7.5   1   1    15    77.915    -0.812     0.584
  61  7.5   1   1    17    77.915    -0.812     0.584
  62  7.5   1   1    19    77.915    -0.812     0.584
  63  7.5   1   1    21    77.915    -0.812     0.584
  64  7.5   1   1    23    77.915    -0.812     0.584
  65  7.5   1   1    25    77.915    -0.812     0.584
  66  7.5   1   1    27    77.915    -0.812     0.584
  67  8.5  -1   1    13    83.878     0.605     0.796
  68  8.5  -1   1    15    83.878     0.605     0.796
  69  8.5  -1   1    17    83.878     0.605     0.796
  70  8.5  -1   1    19    83.878     0.605     0.796
  71  8.5  -1   1    21    83.878     0.605     0.796
  72  8.5  -1   1    23    83.878     0.605     0.796
  73  8.5  -1   1    25    83.878     0.605     0.796
  74  8.5  -1   1    27    83.878     0.605     0.796
  75  8.5  -1   1    29    83.878     0.605     0.796
  76  8.5   1   1    12    62.247    -0.800     0.600
  77  8.5   1   1    14    62.247    -0.800     0.600
  78  8.5   1   1    16    62.247    -0.800     0.600
  79  8.5   1   1    18    62.247    -0.800     0.600
  80  8.5   1   1    20    62.247    -0.800     0.600
  81  8.5   1   1    22    62.247    -0.800     0.600
  82  8.5   1   1    24    62.247    -0.800     0.600
  83  8.5   1   1    26    62.247    -0.800     0.600
  84  8.5   1   1    28    62.247    -0.800     0.600
  85  9.5  -1   1    12    70.614     0.615     0.789
  86  9.5  -1   1    14    70.614     0.615     0.789
  87  9.5  -1   1    16    70.614     0.615     0.789
  88  9.5  -1   1    18    70.614     0.615     0.789
  89  9.5  -1   1    20    70.614     0.615     0.789
  90  9.5  -1   1    22    70.614     0.615     0.789
  91  9.5  -1   1    24    70.614     0.615     0.789
  92  9.5  -1   1    26    70.614     0.615     0.789
  93  9.5  -1   1    28    70.614     0.615     0.789
  94  9.5  -1   1    30    70.614     0.615     0.789
  95  9.5   1   1    11    37.085    -0.791     0.612
  96  9.5   1   1    13    37.085    -0.791     0.612
  97  9.5   1   1    15    37.085    -0.791     0.612
  98  9.5   1   1    17    37.085    -0.791     0.612
  99  9.5   1   1    19    37.085    -0.791     0.612
 100  9.5   1   1    21    37.085    -0.791     0.612
 101  9.5   1   1    23    37.085    -0.791     0.612
 102  9.5   1   1    25    37.085    -0.791     0.612
 103  9.5   1   1    27    37.085    -0.791     0.612
 104  9.5   1   1    29    37.085    -0.791     0.612
 105 10.5  -1   1    11    48.426     0.623     0.782
 106 10.5  -1   1    13    48.426     0.623     0.782
 107 10.5  -1   1    15    48.426     0.623     0.782
 108 10.5  -1   1    17    48.426     0.623     0.782
 109 10.5  -1   1    19    48.426     0.623     0.782
 110 10.5  -1   1    21    48.426     0.623     0.782
 111 10.5  -1   1    23    48.426     0.623     0.782
 112 10.5  -1   1    25    48.426     0.623     0.782
 113 10.5  -1   1    27    48.426     0.623     0.782
 114 10.5  -1   1    29    48.426     0.623     0.782
 115 10.5  -1   1    31    48.426     0.623     0.782
 116 10.5   1   1    10     0.000    -0.784     0.621
 117 10.5   1   1    12     0.000    -0.784     0.621
 118 10.5   1   1    14     0.000    -0.784     0.621
 119 10.5   1   1    16     0.000    -0.784     0.621
 120 10.5   1   1    18     0.000    -0.784     0.621
 121 10.5   1   1    20     0.000    -0.784     0.621
 122 10.5   1   1    22     0.000    -0.784     0.621
 123 10.5   1   1    24     0.000    -0.784     0.621
 124 10.5   1   1    26     0.000    -0.784     0.621
 125 10.5   1   1    28     0.000    -0.784     0.621
 126 10.5   1   1    30     0.000    -0.784     0.621
 127  1.5  -1   2    20    79.038     1.000     0.000
 128  1.5  -1   2    22    79.038     1.000     0.000
 129  1.5   1   2    19    78.438     1.000     0.000
 130  1.5   1   2    21    78.438     1.000     0.000
 131  2.5  -1   2    19    84.945    -0.918     0.398
 132  2.5  -1   2    21    84.945    -0.918     0.398
 133  2.5  -1   2    23    84.945    -0.918     0.398
 134  2.5   1   2    18    82.148    -0.899     0.438
 135  2.5   1   2    20    82.148    -0.899     0.438
 136  2.5   1   2    22    82.148    -0.899     0.438
 137  3.5  -1   2    18    94.003    -0.876     0.482
 138  3.5  -1   2    20    94.003    -0.876     0.482
 139  3.5  -1   2    22    94.003    -0.876     0.482
 140  3.5  -1   2    24    94.003    -0.876     0.482
 141  3.5   1   2    17    85.955    -0.747     0.665
 142  3.5   1   2    19    85.955    -0.747     0.665
 143  3.5   1   2    21    85.955    -0.747     0.665
 144  3.5   1   2    23    85.955    -0.747     0.665
 145  4.5  -1   2    17   107.203    -0.851     0.526
 146  4.5  -1   2    19   107.203    -0.851     0.526
 147  4.5  -1   2    21   107.203    -0.851     0.526
 148  4.5  -1   2    23   107.203    -0.851     0.526
 149  4.5  -1   2    25   107.203    -0.851     0.526
 150  4.5   1   2    16    93.276    -0.440    -0.898
 151  4.5   1   2    18    93.276    -0.440    -0.898
 152  4.5   1   2    20    93.276    -0.440    -0.898
 153  4.5   1   2    22    93.276    -0.440    -0.898
 154  4.5   1   2    24    93.276    -0.440    -0.898
 155  5.5  -1   2    16   125.777    -0.832     0.555
 156  5.5  -1   2    18   125.777    -0.832     0.555
 157  5.5  -1   2    20   125.777    -0.832     0.555
 158  5.5  -1   2    22   125.777    -0.832     0.555
 159  5.5  -1   2    24   125.777    -0.832     0.555
 160  5.5  -1   2    26   125.777    -0.832     0.555
 161  5.5   1   2    15   105.726    -0.526    -0.850
 162  5.5   1   2    17   105.726    -0.526    -0.850
 163  5.5   1   2    19   105.726    -0.526    -0.850
 164  5.5   1   2    21   105.726    -0.526    -0.850
 165  5.5   1   2    23   105.726    -0.526    -0.850
 166  5.5   1   2    25   105.726    -0.526    -0.850
 167  6.5  -1   2    15   151.195    -0.818     0.576
 168  6.5  -1   2    17   151.195    -0.818     0.576
 169  6.5  -1   2    19   151.195    -0.818     0.576
 170  6.5  -1   2    21   151.195    -0.818     0.576
 171  6.5  -1   2    23   151.195    -0.818     0.576
 172  6.5  -1   2    25   151.195    -0.818     0.576
 173  6.5  -1   2    27   151.195    -0.818     0.576
 174  6.5   1   2    14   123.235    -0.562    -0.827
 175  6.5   1   2    16   123.235    -0.562    -0.827
 176  6.5   1   2    18   123.235    -0.562    -0.827
 177  6.5   1   2    20   123.235    -0.562    -0.827
 178  6.5   1   2    22   123.235    -0.562    -0.827
 179  6.5   1   2    24   123.235    -0.562    -0.827
 180  6.5   1   2    26   123.235    -0.562    -0.827
 181  7.5  -1   2    14   185.164    -0.806     0.592
 182  7.5  -1   2    16   185.164    -0.806     0.592
 183  7.5  -1   2    18   185.164    -0.806     0.592
 184  7.5  -1   2    20   185.164    -0.806     0.592
 185  7.5  -1   2    22   185.164    -0.806     0.592
 186  7.5  -1   2    24   185.164    -0.806     0.592
 187  7.5  -1   2    26   185.164    -0.806     0.592
 188  7.5  -1   2    28   185.164    -0.806     0.592
 189  7.5   1   2    13   147.200    -0.584    -0.812
 190  7.5   1   2    15   147.200    -0.584    -0.812
 191  7.5   1   2    17   147.200    -0.584    -0.812
 192  7.5   1   2    19   147.200    -0.584    -0.812
 193  7.5   1   2    21   147.200    -0.584    -0.812
 194  7.5   1   2    23   147.200    -0.584    -0.812
 195  7.5   1   2    25   147.200    -0.584    -0.812
 196  7.5   1   2    27   147.200    -0.584    -0.812
 197  8.5  -1   2    13   229.637    -0.796     0.605
 198  8.5  -1   2    15   229.637    -0.796     0.605
 199  8.5  -1   2    17   229.637    -0.796     0.605
 200  8.5  -1   2    19   229.637    -0.796     0.605
 201  8.5  -1   2    21   229.637    -0.796     0.605
 202  8.5  -1   2    23   229.637    -0.796     0.605
 203  8.5  -1   2    25   229.637    -0.796     0.605
 204  8.5  -1   2    27   229.637    -0.796     0.605
 205  8.5  -1   2    29   229.637    -0.796     0.605
 206  8.5   1   2    12   179.269    -0.600    -0.800
 207  8.5   1   2    14   179.269    -0.600    -0.800
 208  8.5   1   2    16   179.269    -0.600    -0.800
 209  8.5   1   2    18   179.269    -0.600    -0.800
 210  8.5   1   2    20   179.269    -0.600    -0.800
 211  8.5   1   2    22   179.269    -0.600    -0.800
 212  8.5   1   2    24   179.269    -0.600    -0.800
 213  8.5   1   2    26   179.269    -0.600    -0.800
 214  8.5   1   2    28   179.269    -0.600    -0.800
 215  9.5  -1   2    12   286.802    -0.789     0.615
 216  9.5  -1   2    14   286.802    -0.789     0.615
 217  9.5  -1   2    16   286.802    -0.789     0.615
 218  9.5  -1   2    18   286.802    -0.789     0.615
 219  9.5  -1   2    20   286.802    -0.789     0.615
 220  9.5  -1   2    22   286.802    -0.789     0.615
 221  9.5  -1   2    24   286.802    -0.789     0.615
 222  9.5  -1   2    26   286.802    -0.789     0.615
 223  9.5  -1   2    28   286.802    -0.789     0.615
 224  9.5  -1   2    30   286.802    -0.789     0.615
 225  9.5   1   2    11   221.330    -0.612    -0.791
 226  9.5   1   2    13   221.330    -0.612    -0.791
 227  9.5   1   2    15   221.330    -0.612    -0.791
 228  9.5   1   2    17   221.330    -0.612    -0.791
 229  9.5   1   2    19   221.330    -0.612    -0.791
 230  9.5   1   2    21   221.330    -0.612    -0.791
 231  9.5   1   2    23   221.330    -0.612    -0.791
 232  9.5   1   2    25   221.330    -0.612    -0.791
 233  9.5   1   2    27   221.330    -0.612    -0.791
 234  9.5   1   2    29   221.330    -0.612    -0.791
 235 10.5  -1   2    11   359.089    -0.782     0.623
 236 10.5  -1   2    13   359.089    -0.782     0.623
 237 10.5  -1   2    15   359.089    -0.782     0.623
 238 10.5  -1   2    17   359.089    -0.782     0.623
 239 10.5  -1   2    19   359.089    -0.782     0.623
 240 10.5  -1   2    21   359.089    -0.782     0.623
 241 10.5  -1   2    23   359.089    -0.782     0.623
 242 10.5  -1   2    25   359.089    -0.782     0.623
 243 10.5  -1   2    27   359.089    -0.782     0.623
 244 10.5  -1   2    29   359.089    -0.782     0.623
 245 10.5  -1   2    31   359.089    -0.782     0.623
 246 10.5   1   2    10   275.515    -0.621    -0.784
 247 10.5   1   2    12   275.515    -0.621    -0.784
 248 10.5   1   2    14   275.515    -0.621    -0.784
 249 10.5   1   2    16   275.515    -0.621    -0.784
 250 10.5   1   2    18   275.515    -0.621    -0.784
 251 10.5   1   2    20   275.515    -0.621    -0.784
 252 10.5   1   2    22   275.515    -0.621    -0.784
 253 10.5   1   2    24   275.515    -0.621    -0.784
 254 10.5   1   2    26   275.515    -0.621    -0.784
 255 10.5   1   2    28   275.515    -0.621    -0.784
 256 10.5   1   2    30   275.515    -0.621    -0.784
ILAM=  1 LAMNUM(ILAM) =  1319
ILAM=  2 LAMNUM(ILAM) =     0
 ** TOTAL NUMBER OF NONZERO V2 MATRIX ELEMENTS IS1319
  **  FINAL CHANNEL LIST AFTER BASIS WITH Fi LABEL FOR INDEX

   N   J  EPS OMEGA   L    EINT(CM-1)  C-3/2     C-5/2
   1  2.5  -1   1    19    78.570     0.398     0.918
   2  2.5  -1   1    21    78.570     0.398     0.918
   3  2.5  -1   1    23    78.570     0.398     0.918
   4  2.5   1   1    18    78.967     0.438     0.899
   5  2.5   1   1    20    78.967     0.438     0.899
   6  2.5   1   1    22    78.967     0.438     0.899
   7  3.5  -1   1    18    82.512     0.482     0.876
   8  3.5  -1   1    20    82.512     0.482     0.876
   9  3.5  -1   1    22    82.512     0.482     0.876
  10  3.5  -1   1    24    82.512     0.482     0.876
  11  3.5   1   1    17    84.560     0.665     0.747
  12  3.5   1   1    19    84.560     0.665     0.747
  13  3.5   1   1    21    84.560     0.665     0.747
  14  3.5   1   1    23    84.560     0.665     0.747
  15  4.5  -1   1    17    86.712     0.526     0.851
  16  4.5  -1   1    19    86.712     0.526     0.851
  17  4.5  -1   1    21    86.712     0.526     0.851
  18  4.5  -1   1    23    86.712     0.526     0.851
  19  4.5  -1   1    25    86.712     0.526     0.851
  20  4.5   1   1    16    88.639    -0.898     0.440
  21  4.5   1   1    18    88.639    -0.898     0.440
  22  4.5   1   1    20    88.639    -0.898     0.440
  23  4.5   1   1    22    88.639    -0.898     0.440
  24  4.5   1   1    24    88.639    -0.898     0.440
  25  5.5  -1   1    16    90.238     0.555     0.832
  26  5.5  -1   1    18    90.238     0.555     0.832
  27  5.5  -1   1    20    90.238     0.555     0.832
  28  5.5  -1   1    22    90.238     0.555     0.832
  29  5.5  -1   1    24    90.238     0.555     0.832
  30  5.5  -1   1    26    90.238     0.555     0.832
  31  5.5   1   1    15    89.289    -0.850     0.526
  32  5.5   1   1    17    89.289    -0.850     0.526
  33  5.5   1   1    19    89.289    -0.850     0.526
  34  5.5   1   1    21    89.289    -0.850     0.526
  35  5.5   1   1    23    89.289    -0.850     0.526
  36  5.5   1   1    25    89.289    -0.850     0.526
  37  6.5  -1   1    15    91.921     0.576     0.818
  38  6.5  -1   1    17    91.921     0.576     0.818
  39  6.5  -1   1    19    91.921     0.576     0.818
  40  6.5  -1   1    21    91.921     0.576     0.818
  41  6.5  -1   1    23    91.921     0.576     0.818
  42  6.5  -1   1    25    91.921     0.576     0.818
  43  6.5  -1   1    27    91.921     0.576     0.818
  44  6.5   1   1    14    86.280    -0.827     0.562
  45  6.5   1   1    16    86.280    -0.827     0.562
  46  6.5   1   1    18    86.280    -0.827     0.562
  47  6.5   1   1    20    86.280    -0.827     0.562
  48  6.5   1   1    22    86.280    -0.827     0.562
  49  6.5   1   1    24    86.280    -0.827     0.562
  50  6.5   1   1    26    86.280    -0.827     0.562
  51  7.5  -1   1    14    90.351     0.592     0.806
  52  7.5  -1   1    16    90.351     0.592     0.806
  53  7.5  -1   1    18    90.351     0.592     0.806
  54  7.5  -1   1    20    90.351     0.592     0.806
  55  7.5  -1   1    22    90.351     0.592     0.806
  56  7.5  -1   1    24    90.351     0.592     0.806
  57  7.5  -1   1    26    90.351     0.592     0.806
  58  7.5  -1   1    28    90.351     0.592     0.806
  59  7.5   1   1    13    77.915    -0.812     0.584
  60  7.5   1   1    15    77.915    -0.812     0.584
  61  7.5   1   1    17    77.915    -0.812     0.584
  62  7.5   1   1    19    77.915    -0.812     0.584
  63  7.5   1   1    21    77.915    -0.812     0.584
  64  7.5   1   1    23    77.915    -0.812     0.584
  65  7.5   1   1    25    77.915    -0.812     0.584
  66  7.5   1   1    27    77.915    -0.812     0.584
  67  8.5  -1   1    13    83.878     0.605     0.796
  68  8.5  -1   1    15    83.878     0.605     0.796
  69  8.5  -1   1    17    83.878     0.605     0.796
  70  8.5  -1   1    19    83.878     0.605     0.796
  71  8.5  -1   1    21    83.878     0.605     0.796
  72  8.5  -1   1    23    83.878     0.605     0.796
  73  8.5  -1   1    25    83.878     0.605     0.796
  74  8.5  -1   1    27    83.878     0.605     0.796
  75  8.5  -1   1    29    83.878     0.605     0.796
  76  8.5   1   1    12    62.247    -0.800     0.600
  77  8.5   1   1    14    62.247    -0.800     0.600
  78  8.5   1   1    16    62.247    -0.800     0.600
  79  8.5   1   1    18    62.247    -0.800     0.600
  80  8.5   1   1    20    62.247    -0.800     0.600
  81  8.5   1   1    22    62.247    -0.800     0.600
  82  8.5   1   1    24    62.247    -0.800     0.600
  83  8.5   1   1    26    62.247    -0.800     0.600
  84  8.5   1   1    28    62.247    -0.800     0.600
  85  9.5  -1   1    12    70.614     0.615     0.789
  86  9.5  -1   1    14    70.614     0.615     0.789
  87  9.5  -1   1    16    70.614     0.615     0.789
  88  9.5  -1   1    18    70.614     0.615     0.789
  89  9.5  -1   1    20    70.614     0.615     0.789
  90  9.5  -1   1    22    70.614     0.615     0.789
  91  9.5  -1   1    24    70.614     0.615     0.789
  92  9.5  -1   1    26    70.614     0.615     0.789
  93  9.5  -1   1    28    70.614     0.615     0.789
  94  9.5  -1   1    30    70.614     0.615     0.789
  95  9.5   1   1    11    37.085    -0.791     0.612
  96  9.5   1   1    13    37.085    -0.791     0.612
  97  9.5   1   1    15    37.085    -0.791     0.612
  98  9.5   1   1    17    37.085    -0.791     0.612
  99  9.5   1   1    19    37.085    -0.791     0.612
 100  9.5   1   1    21    37.085    -0.791     0.612
 101  9.5   1   1    23    37.085    -0.791     0.612
 102  9.5   1   1    25    37.085    -0.791     0.612
 103  9.5   1   1    27    37.085    -0.791     0.612
 104  9.5   1   1    29    37.085    -0.791     0.612
 105 10.5  -1   1    11    48.426     0.623     0.782
 106 10.5  -1   1    13    48.426     0.623     0.782
 107 10.5  -1   1    15    48.426     0.623     0.782
 108 10.5  -1   1    17    48.426     0.623     0.782
 109 10.5  -1   1    19    48.426     0.623     0.782
 110 10.5  -1   1    21    48.426     0.623     0.782
 111 10.5  -1   1    23    48.426     0.623     0.782
 112 10.5  -1   1    25    48.426     0.623     0.782
 113 10.5  -1   1    27    48.426     0.623     0.782
 114 10.5  -1   1    29    48.426     0.623     0.782
 115 10.5  -1   1    31    48.426     0.623     0.782
 116 10.5   1   1    10     0.000    -0.784     0.621
 117 10.5   1   1    12     0.000    -0.784     0.621
 118 10.5   1   1    14     0.000    -0.784     0.621
 119 10.5   1   1    16     0.000    -0.784     0.621
 120 10.5   1   1    18     0.000    -0.784     0.621
 121 10.5   1   1    20     0.000    -0.784     0.621
 122 10.5   1   1    22     0.000    -0.784     0.621
 123 10.5   1   1    24     0.000    -0.784     0.621
 124 10.5   1   1    26     0.000    -0.784     0.621
 125 10.5   1   1    28     0.000    -0.784     0.621
 126 10.5   1   1    30     0.000    -0.784     0.621
 127  1.5  -2   2    20    79.038     1.000     0.000
 128  1.5  -2   2    22    79.038     1.000     0.000
 129  1.5   2   2    19    78.438     1.000     0.000
 130  1.5   2   2    21    78.438     1.000     0.000
 131  2.5  -2   2    19    84.945    -0.918     0.398
 132  2.5  -2   2    21    84.945    -0.918     0.398
 133  2.5  -2   2    23    84.945    -0.918     0.398
 134  2.5   2   2    18    82.148    -0.899     0.438
 135  2.5   2   2    20    82.148    -0.899     0.438
 136  2.5   2   2    22    82.148    -0.899     0.438
 137  3.5  -2   2    18    94.003    -0.876     0.482
 138  3.5  -2   2    20    94.003    -0.876     0.482
 139  3.5  -2   2    22    94.003    -0.876     0.482
 140  3.5  -2   2    24    94.003    -0.876     0.482
 141  3.5   2   2    17    85.955    -0.747     0.665
 142  3.5   2   2    19    85.955    -0.747     0.665
 143  3.5   2   2    21    85.955    -0.747     0.665
 144  3.5   2   2    23    85.955    -0.747     0.665
 145  4.5  -2   2    17   107.203    -0.851     0.526
 146  4.5  -2   2    19   107.203    -0.851     0.526
 147  4.5  -2   2    21   107.203    -0.851     0.526
 148  4.5  -2   2    23   107.203    -0.851     0.526
 149  4.5  -2   2    25   107.203    -0.851     0.526
 150  4.5   2   2    16    93.276    -0.440    -0.898
 151  4.5   2   2    18    93.276    -0.440    -0.898
 152  4.5   2   2    20    93.276    -0.440    -0.898
 153  4.5   2   2    22    93.276    -0.440    -0.898
 154  4.5   2   2    24    93.276    -0.440    -0.898
 155  5.5  -2   2    16   125.777    -0.832     0.555
 156  5.5  -2   2    18   125.777    -0.832     0.555
 157  5.5  -2   2    20   125.777    -0.832     0.555
 158  5.5  -2   2    22   125.777    -0.832     0.555
 159  5.5  -2   2    24   125.777    -0.832     0.555
 160  5.5  -2   2    26   125.777    -0.832     0.555
 161  5.5   2   2    15   105.726    -0.526    -0.850
 162  5.5   2   2    17   105.726    -0.526    -0.850
 163  5.5   2   2    19   105.726    -0.526    -0.850
 164  5.5   2   2    21   105.726    -0.526    -0.850
 165  5.5   2   2    23   105.726    -0.526    -0.850
 166  5.5   2   2    25   105.726    -0.526    -0.850
 167  6.5  -2   2    15   151.195    -0.818     0.576
 168  6.5  -2   2    17   151.195    -0.818     0.576
 169  6.5  -2   2    19   151.195    -0.818     0.576
 170  6.5  -2   2    21   151.195    -0.818     0.576
 171  6.5  -2   2    23   151.195    -0.818     0.576
 172  6.5  -2   2    25   151.195    -0.818     0.576
 173  6.5  -2   2    27   151.195    -0.818     0.576
 174  6.5   2   2    14   123.235    -0.562    -0.827
 175  6.5   2   2    16   123.235    -0.562    -0.827
 176  6.5   2   2    18   123.235    -0.562    -0.827
 177  6.5   2   2    20   123.235    -0.562    -0.827
 178  6.5   2   2    22   123.235    -0.562    -0.827
 179  6.5   2   2    24   123.235    -0.562    -0.827
 180  6.5   2   2    26   123.235    -0.562    -0.827
 181  7.5  -2   2    14   185.164    -0.806     0.592
 182  7.5  -2   2    16   185.164    -0.806     0.592
 183  7.5  -2   2    18   185.164    -0.806     0.592
 184  7.5  -2   2    20   185.164    -0.806     0.592
 185  7.5  -2   2    22   185.164    -0.806     0.592
 186  7.5  -2   2    24   185.164    -0.806     0.592
 187  7.5  -2   2    26   185.164    -0.806     0.592
 188  7.5  -2   2    28   185.164    -0.806     0.592
 189  7.5   2   2    13   147.200    -0.584    -0.812
 190  7.5   2   2    15   147.200    -0.584    -0.812
 191  7.5   2   2    17   147.200    -0.584    -0.812
 192  7.5   2   2    19   147.200    -0.584    -0.812
 193  7.5   2   2    21   147.200    -0.584    -0.812
 194  7.5   2   2    23   147.200    -0.584    -0.812
 195  7.5   2   2    25   147.200    -0.584    -0.812
 196  7.5   2   2    27   147.200    -0.584    -0.812
 197  8.5  -2   2    13   229.637    -0.796     0.605
 198  8.5  -2   2    15   229.637    -0.796     0.605
 199  8.5  -2   2    17   229.637    -0.796     0.605
 200  8.5  -2   2    19   229.637    -0.796     0.605
 201  8.5  -2   2    21   229.637    -0.796     0.605
 202  8.5  -2   2    23   229.637    -0.796     0.605
 203  8.5  -2   2    25   229.637    -0.796     0.605
 204  8.5  -2   2    27   229.637    -0.796     0.605
 205  8.5  -2   2    29   229.637    -0.796     0.605
 206  8.5   2   2    12   179.269    -0.600    -0.800
 207  8.5   2   2    14   179.269    -0.600    -0.800
 208  8.5   2   2    16   179.269    -0.600    -0.800
 209  8.5   2   2    18   179.269    -0.600    -0.800
 210  8.5   2   2    20   179.269    -0.600    -0.800
 211  8.5   2   2    22   179.269    -0.600    -0.800
 212  8.5   2   2    24   179.269    -0.600    -0.800
 213  8.5   2   2    26   179.269    -0.600    -0.800
 214  8.5   2   2    28   179.269    -0.600    -0.800
 215  9.5  -2   2    12   286.802    -0.789     0.615
 216  9.5  -2   2    14   286.802    -0.789     0.615
 217  9.5  -2   2    16   286.802    -0.789     0.615
 218  9.5  -2   2    18   286.802    -0.789     0.615
 219  9.5  -2   2    20   286.802    -0.789     0.615
 220  9.5  -2   2    22   286.802    -0.789     0.615
 221  9.5  -2   2    24   286.802    -0.789     0.615
 222  9.5  -2   2    26   286.802    -0.789     0.615
 223  9.5  -2   2    28   286.802    -0.789     0.615
 224  9.5  -2   2    30   286.802    -0.789     0.615
 225  9.5   2   2    11   221.330    -0.612    -0.791
 226  9.5   2   2    13   221.330    -0.612    -0.791
 227  9.5   2   2    15   221.330    -0.612    -0.791
 228  9.5   2   2    17   221.330    -0.612    -0.791
 229  9.5   2   2    19   221.330    -0.612    -0.791
 230  9.5   2   2    21   221.330    -0.612    -0.791
 231  9.5   2   2    23   221.330    -0.612    -0.791
 232  9.5   2   2    25   221.330    -0.612    -0.791
 233  9.5   2   2    27   221.330    -0.612    -0.791
 234  9.5   2   2    29   221.330    -0.612    -0.791
 235 10.5  -2   2    11   359.089    -0.782     0.623
 236 10.5  -2   2    13   359.089    -0.782     0.623
 237 10.5  -2   2    15   359.089    -0.782     0.623
 238 10.5  -2   2    17   359.089    -0.782     0.623
 239 10.5  -2   2    19   359.089    -0.782     0.623
 240 10.5  -2   2    21   359.089    -0.782     0.623
 241 10.5  -2   2    23   359.089    -0.782     0.623
 242 10.5  -2   2    25   359.089    -0.782     0.623
 243 10.5  -2   2    27   359.089    -0.782     0.623
 244 10.5  -2   2    29   359.089    -0.782     0.623
 245 10.5  -2   2    31   359.089    -0.782     0.623
 246 10.5   2   2    10   275.515    -0.621    -0.784
 247 10.5   2   2    12   275.515    -0.621    -0.784
 248 10.5   2   2    14   275.515    -0.621    -0.784
 249 10.5   2   2    16   275.515    -0.621    -0.784
 250 10.5   2   2    18   275.515    -0.621    -0.784
 251 10.5   2   2    20   275.515    -0.621    -0.784
 252 10.5   2   2    22   275.515    -0.621    -0.784
 253 10.5   2   2    24   275.515    -0.621    -0.784
 254 10.5   2   2    26   275.515    -0.621    -0.784
 255 10.5   2   2    28   275.515    -0.621    -0.784
 256 10.5   2   2    30   275.515    -0.621    -0.784
 ** BASTST=.TRUE.; TEST OF SUBROUTINE BASIS
 **** END OF CALCULATION ****
      MAXIMUM NUMBER OF CHANNELS USED WAS:     0
      TIMING:  ELAPSED 00:00:00 / CPU 00:00:00 / MP RATIO    4.8 %
      CURRENT DATE:  Jan 24 10:39:34 2023
 ===============================================================================
