      BASTST                                     
 DUMMY POTENTIAL FOR TESTING PURPOSES            
 ==============================
     *** Parameters:
 JTOT1  =  20        JTOT2  =  20        JTOTD  =   5        JLPAR  =   1
 NERG   =   1        NUMAX  =   0        NUMIN  =   0        NUD    =   1
 LSCREEN=  48        IPRINT =   1
 FSTFAC =  15.00     RINCR  =  1.000     RCUT   =  30.00     RENDAI =  1.000    
 RENDLD =  1.000     RSTART =  1.000     SPAC   = 0.1000     TOLAI  =  1.000    
 XMU    =  16.47    
     *** ASYM-TOP system parameters:
 NTERM  =   4        NUMPOT =   0        IPOTSY =   2        IOP    =   1
 JMAX   =   8
 AROT   =  20.12     BROT   =  11.21     CROT   =  7.069     EMAX   =  1000.    
 LAMMIN:    0   1   2   3
 LAMMAX:    6   5   6   5
 MPROJ:     0   1   2   3
     *** Flags:
 AIRYFL= F    BASTST= T    BATCH = F    CHLIST= T    CSFLAG= F    FLAGHF= F
 FLAGSU= F    IHOMO = F    IPOS  = F    LOGDFL= F    NOPRIN= F    NUCROS= F
 PHOTOF= F    PRAIRY= F    PRLOGD= F    PRPART= F    PRSMAT= F    PRT2  = F
 PRXSEC= F    READPT= F    RSFLAG= F    T2TEST= F    TWOMOL= F    WAVEFL= F
 WRPART= F    WRSMAT= F    WRXSEC= F    BOUNDC= F
 ** Energies:     5000.000000
 NOUT: 13; JOUT:  0   1   2   3   4   5   6   7   8   9  10  11  12
 INDOUT:    0   1  -1   2  -2   3  -3   4  -4
 ==============================

 --------------------------------------------------------------------------
           HIBRIDON SCATTERING CODE V 5.00

      AUTHORS: M. ALEXANDER, D. MANOLOPOULOS, H.-J. WERNER, B. FOLLMEG,
               P. DAGDIGIAN
 CONTRIBUTORS: D. LEMOINE, P. VOHRALIK, G. COREY, R. JOHNSON, T. ORLIKOWSKI,
          A. BERNING, A. DEGLI-ESPOSTI, C. RIST, B. POUILLY, J. KLOS, Q. MA,
          G. VAN DER SANDEN, M. YANG, F. DE WEERD, S. GREGURICK, F. LIQUE
 --------------------------------------------------------------------------
           BUILD CONFIGURATION:
CMAKE BUILD DATE: 2023-03-19 at 05:42
CMAKE BUILD TYPE: Debug
CODE GIT REVISION: 6517370f4eeb22f83d1ec6323e3a94f8c664d2f1
SYS: Darwin 22.2.0 x86_64
COMPILER: /opt/intel/oneapi/compiler/2022.2.1/mac/bin/intel64/ifort
COMPILE OPTIONS: 
 --------------------------------------------------------------------------
            CURRENT HARDWARE CONFIGURATION:
 
      Model Name: MacBook Pro
      Model Identifier: MacBookPro14,3
      Processor Name: Quad-Core Intel Core i7
      Processor Speed: 2.9 GHz
      Number of Processors: 1
      Total Number of Cores: 4
      L2 Cache (per Core): 256 KB
      L3 Cache: 8 MB
      Hyper-Threading Technology: Enabled
      Memory: 16 GB
 --------------------------------------------------------------------------

 -----------------------------------------------------------------------------
 All publications resulting from use of the integrators included in the
 Hibridon code must include the following reference:

 D. E. Manolopoulos, J. Chem. Phys. 85, 6425 (1986); M. H. Alexander and D. E.
 Manolopoulos, J. Chem. Phys. 80, 2044 (1987).

 All publications involving the determination ofphotodissociation cross sections
 must also include the following reference:

 M. H. Alexander, Comput. Phys. Commun, 75, 87 (1993).

 All publications investigating flux redistribution must include the following references:

 M. H. Alexander, J. Chem. Phys. 95, 8931 (1991); D. E. Manolopoulos and
 M. H. Alexander, J. Chem. Phys.  97, 2527 (1992).

 All publications resulting from use of the Hibridon package must include
 the following reference:

 HIBRIDON is a package of programs for the time-independent quantum treatment
 of inelastic collisions and photodissociation written by M. H. Alexander,
 D. E.  Manolopoulos, H.-J. Werner, and B. Follmeg, with contributions by
 P. F. Vohralik, D. Lemoine, G. Corey, B. Johnson, T. Orlikowski, A. Berning,
 A. Degli-Esposti, C. Rist, P. Dagdigian, B. Pouilly, G. van der Sanden, M. Yang, F. de Weerd, S. Gregurick, J. Klos, and F. Lique
 -----------------------------------------------------------------------------

 ** LABEL:          BASTST                                     
 ** POT NAME:  DUMMY POTENTIAL FOR TESTING PURPOSES            
 ** DATE:      Mar 19 05:59:29 2023

 *** WARNING:  NAIRY .NE. 1 BUT AIRYFL .EQ. .FALSE.
 ** NMAX= 500  NAIRY= 500
 ** TOTAL NUMBER OF ANISOTROPIC TERMS IN POTENTIAL = 12

 **  CC ASYMMETRIC TOP **
     RMU=  16.4700  AROT= 20.118  BROT= 11.205  CROT=  7.069
     E=5000.00  JTOT=  20   JLPAR= 1

 OPEN CHANNELS ELIMINATED WHICH ARE CLOSED AT R=   30.00

  CHANNEL LIST SORTED BY ENERGY
   N   J  IS   L   EINT(CM-1)  COEFFS
   1   0   0  20     0.000     1.0000
   2   1   0  19    18.274     1.0000
   3   1   0  21    18.274     1.0000
   4   1  -1  19    27.187     1.0000
   5   1  -1  21    27.187     1.0000
   6   1   1  20    31.323     1.0000
   7   2   0  18    53.683     0.9876 -0.1570
   8   2   0  20    53.683     0.9876 -0.1570
   9   2   0  22    53.683     0.9876 -0.1570
  10   2  -1  18    59.599     1.0000
  11   2  -1  20    59.599     1.0000
  12   2  -1  22    59.599     1.0000
  13   2   1  19    72.007     1.0000
  14   2   1  21    72.007     1.0000
  15   2  -2  19    98.746     1.0000
  16   2  -2  21    98.746     1.0000
  17   2   2  18    99.885     0.1570  0.9876
  18   2   2  20    99.885     0.1570  0.9876
  19   2   2  22    99.885     0.1570  0.9876
  20   3   0  17   104.423     0.9508 -0.3099
  21   3   0  19   104.423     0.9508 -0.3099
  22   3   0  21   104.423     0.9508 -0.3099
  23   3   0  23   104.423     0.9508 -0.3099
  24   3  -1  17   107.581     0.9969 -0.0791
  25   3  -1  19   107.581     0.9969 -0.0791
  26   3  -1  21   107.581     0.9969 -0.0791
  27   3  -1  23   107.581     0.9969 -0.0791
  28   3   1  18   132.192     0.9945 -0.1044
  29   3   1  20   132.192     0.9945 -0.1044
  30   3   1  22   132.192     0.9945 -0.1044
  31   3  -2  18   153.568     1.0000
  32   3  -2  20   153.568     1.0000
  33   3  -2  22   153.568     1.0000
  34   3   2  17   158.789     0.3099  0.9508
  35   3   2  19   158.789     0.3099  0.9508
  36   3   2  21   158.789     0.3099  0.9508
  37   3   2  23   158.789     0.3099  0.9508
  38   4   0  16   169.196     0.8984 -0.4385  0.0254
  39   4   0  18   169.196     0.8984 -0.4385  0.0254
  40   4   0  20   169.196     0.8984 -0.4385  0.0254
  41   4   0  22   169.196     0.8984 -0.4385  0.0254
  42   4   0  24   169.196     0.8984 -0.4385  0.0254
  43   4  -1  16   170.613     0.9892 -0.1463
  44   4  -1  18   170.613     0.9892 -0.1463
  45   4  -1  20   170.613     0.9892 -0.1463
  46   4  -1  22   170.613     0.9892 -0.1463
  47   4  -1  24   170.613     0.9892 -0.1463
  48   3  -3  17   209.109     0.0791  0.9969
  49   3  -3  19   209.109     0.0791  0.9969
  50   3  -3  21   209.109     0.0791  0.9969
  51   3  -3  23   209.109     0.0791  0.9969
  52   3   3  18   209.314     0.1044  0.9945
  53   3   3  20   209.314     0.1044  0.9945
  54   3   3  22   209.314     0.1044  0.9945
  55   4   1  17   210.604     0.9743 -0.2254
  56   4   1  19   210.604     0.9743 -0.2254
  57   4   1  21   210.604     0.9743 -0.2254
  58   4   1  23   210.604     0.9743 -0.2254
  59   4  -2  17   225.761     0.9966 -0.0822
  60   4  -2  19   225.761     0.9966 -0.0822
  61   4  -2  21   225.761     0.9966 -0.0822
  62   4  -2  23   225.761     0.9966 -0.0822
  63   4   2  16   239.275     0.4391  0.8947 -0.0822
  64   4   2  18   239.275     0.4391  0.8947 -0.0822
  65   4   2  20   239.275     0.4391  0.8947 -0.0822
  66   4   2  22   239.275     0.4391  0.8947 -0.0822
  67   4   2  24   239.275     0.4391  0.8947 -0.0822
  68   5   0  15   247.710     0.8475 -0.5279  0.0561
  69   5   0  17   247.710     0.8475 -0.5279  0.0561
  70   5   0  19   247.710     0.8475 -0.5279  0.0561
  71   5   0  21   247.710     0.8475 -0.5279  0.0561
  72   5   0  23   247.710     0.8475 -0.5279  0.0561
  73   5   0  25   247.710     0.8475 -0.5279  0.0561
  74   5  -1  15   248.278     0.9774 -0.2112  0.0098
  75   5  -1  17   248.278     0.9774 -0.2112  0.0098
  76   5  -1  19   248.278     0.9774 -0.2112  0.0098
  77   5  -1  21   248.278     0.9774 -0.2112  0.0098
  78   5  -1  23   248.278     0.9774 -0.2112  0.0098
  79   5  -1  25   248.278     0.9774 -0.2112  0.0098
  80   4  -3  16   283.997     0.1463  0.9892
  81   4  -3  18   283.997     0.1463  0.9892
  82   4  -3  20   283.997     0.1463  0.9892
  83   4  -3  22   283.997     0.1463  0.9892
  84   4  -3  24   283.997     0.1463  0.9892
  85   4   3  17   285.366     0.2254  0.9743
  86   4   3  19   285.366     0.2254  0.9743
  87   4   3  21   285.366     0.2254  0.9743
  88   4   3  23   285.366     0.2254  0.9743
  89   5   1  16   305.354     0.9279 -0.3723  0.0212
  90   5   1  18   305.354     0.9279 -0.3723  0.0212
  91   5   1  20   305.354     0.9279 -0.3723  0.0212
  92   5   1  22   305.354     0.9279 -0.3723  0.0212
  93   5   1  24   305.354     0.9279 -0.3723  0.0212
  94   5  -2  16   314.617     0.9876 -0.1570
  95   5  -2  18   314.617     0.9876 -0.1570
  96   5  -2  20   314.617     0.9876 -0.1570
  97   5  -2  22   314.617     0.9876 -0.1570
  98   5  -2  24   314.617     0.9876 -0.1570
  99   6   0  14   340.102     0.8050 -0.5863  0.0911 -0.0035
 100   6   0  16   340.102     0.8050 -0.5863  0.0911 -0.0035
 101   6   0  18   340.102     0.8050 -0.5863  0.0911 -0.0035
 102   6   0  20   340.102     0.8050 -0.5863  0.0911 -0.0035
 103   6   0  22   340.102     0.8050 -0.5863  0.0911 -0.0035
 104   6   0  24   340.102     0.8050 -0.5863  0.0911 -0.0035
 105   6   0  26   340.102     0.8050 -0.5863  0.0911 -0.0035
 106   6  -1  14   340.314     0.9627 -0.2697  0.0225
 107   6  -1  16   340.314     0.9627 -0.2697  0.0225
 108   6  -1  18   340.314     0.9627 -0.2697  0.0225
 109   6  -1  20   340.314     0.9627 -0.2697  0.0225
 110   6  -1  22   340.314     0.9627 -0.2697  0.0225
 111   6  -1  24   340.314     0.9627 -0.2697  0.0225
 112   6  -1  26   340.314     0.9627 -0.2697  0.0225
 113   5   2  15   340.752     0.5294  0.8324 -0.1640
 114   5   2  17   340.752     0.5294  0.8324 -0.1640
 115   5   2  19   340.752     0.5294  0.8324 -0.1640
 116   5   2  21   340.752     0.5294  0.8324 -0.1640
 117   5   2  23   340.752     0.5294  0.8324 -0.1640
 118   5   2  25   340.752     0.5294  0.8324 -0.1640
 119   4  -4  17   359.339     0.0822  0.9966
 120   4  -4  19   359.339     0.0822  0.9966
 121   4  -4  21   359.339     0.0822  0.9966
 122   4  -4  23   359.339     0.0822  0.9966
 123   4   4  16   359.369     0.0133  0.0849  0.9963
 124   4   4  18   359.369     0.0133  0.0849  0.9963
 125   4   4  20   359.369     0.0133  0.0849  0.9963
 126   4   4  22   359.369     0.0133  0.0849  0.9963
 127   4   4  24   359.369     0.0133  0.0849  0.9963
 128   5  -3  15   377.629     0.2113  0.9742 -0.0790
 129   5  -3  17   377.629     0.2113  0.9742 -0.0790
 130   5  -3  19   377.629     0.2113  0.9742 -0.0790
 131   5  -3  21   377.629     0.2113  0.9742 -0.0790
 132   5  -3  23   377.629     0.2113  0.9742 -0.0790
 133   5  -3  25   377.629     0.2113  0.9742 -0.0790
 134   5   3  16   382.588     0.3728  0.9247 -0.0773
 135   5   3  18   382.588     0.3728  0.9247 -0.0773
 136   5   3  20   382.588     0.3728  0.9247 -0.0773
 137   5   3  22   382.588     0.3728  0.9247 -0.0773
 138   5   3  24   382.588     0.3728  0.9247 -0.0773
 139   6   1  15   414.533     0.8553 -0.5151  0.0561
 140   6   1  17   414.533     0.8553 -0.5151  0.0561
 141   6   1  19   414.533     0.8553 -0.5151  0.0561
 142   6   1  21   414.533     0.8553 -0.5151  0.0561
 143   6   1  23   414.533     0.8553 -0.5151  0.0561
 144   6   1  25   414.533     0.8553 -0.5151  0.0561
 145   6  -2  15   419.387     0.9714 -0.2370  0.0111
 146   6  -2  17   419.387     0.9714 -0.2370  0.0111
 147   6  -2  19   419.387     0.9714 -0.2370  0.0111
 148   6  -2  21   419.387     0.9714 -0.2370  0.0111
 149   6  -2  23   419.387     0.9714 -0.2370  0.0111
 150   6  -2  25   419.387     0.9714 -0.2370  0.0111
 151   7   0  13   446.509     0.7706 -0.6245  0.1269 -0.0087
 152   7   0  15   446.509     0.7706 -0.6245  0.1269 -0.0087
 153   7   0  17   446.509     0.7706 -0.6245  0.1269 -0.0087
 154   7   0  19   446.509     0.7706 -0.6245  0.1269 -0.0087
 155   7   0  21   446.509     0.7706 -0.6245  0.1269 -0.0087
 156   7   0  23   446.509     0.7706 -0.6245  0.1269 -0.0087
 157   7   0  25   446.509     0.7706 -0.6245  0.1269 -0.0087
 158   7   0  27   446.509     0.7706 -0.6245  0.1269 -0.0087
 159   7  -1  13   446.584     0.9466 -0.3200  0.0389 -0.0013
 160   7  -1  15   446.584     0.9466 -0.3200  0.0389 -0.0013
 161   7  -1  17   446.584     0.9466 -0.3200  0.0389 -0.0013
 162   7  -1  19   446.584     0.9466 -0.3200  0.0389 -0.0013
 163   7  -1  21   446.584     0.9466 -0.3200  0.0389 -0.0013
 164   7  -1  23   446.584     0.9466 -0.3200  0.0389 -0.0013
 165   7  -1  25   446.584     0.9466 -0.3200  0.0389 -0.0013
 166   7  -1  27   446.584     0.9466 -0.3200  0.0389 -0.0013
 167   5  -4  16   453.223     0.1570  0.9876
 168   5  -4  18   453.223     0.1570  0.9876
 169   5  -4  20   453.223     0.1570  0.9876
 170   5  -4  22   453.223     0.1570  0.9876
 171   5  -4  24   453.223     0.1570  0.9876
 172   5   4  15   453.488     0.0399  0.1687  0.9849
 173   5   4  17   453.488     0.0399  0.1687  0.9849
 174   5   4  19   453.488     0.0399  0.1687  0.9849
 175   5   4  21   453.488     0.0399  0.1687  0.9849
 176   5   4  23   453.488     0.0399  0.1687  0.9849
 177   5   4  25   453.488     0.0399  0.1687  0.9849
 178   6   2  14   461.784     0.5868  0.7639 -0.2682  0.0142
 179   6   2  16   461.784     0.5868  0.7639 -0.2682  0.0142
 180   6   2  18   461.784     0.5868  0.7639 -0.2682  0.0142
 181   6   2  20   461.784     0.5868  0.7639 -0.2682  0.0142
 182   6   2  22   461.784     0.5868  0.7639 -0.2682  0.0142
 183   6   2  24   461.784     0.5868  0.7639 -0.2682  0.0142
 184   6   2  26   461.784     0.5868  0.7639 -0.2682  0.0142
 185   6  -3  14   489.539     0.2700  0.9512 -0.1497
 186   6  -3  16   489.539     0.2700  0.9512 -0.1497
 187   6  -3  18   489.539     0.2700  0.9512 -0.1497
 188   6  -3  20   489.539     0.2700  0.9512 -0.1497
 189   6  -3  22   489.539     0.2700  0.9512 -0.1497
 190   6  -3  24   489.539     0.2700  0.9512 -0.1497
 191   6  -3  26   489.539     0.2700  0.9512 -0.1497
 192   6   3  15   502.132     0.5174  0.8436 -0.1435
 193   6   3  17   502.132     0.5174  0.8436 -0.1435
 194   6   3  19   502.132     0.5174  0.8436 -0.1435
 195   6   3  21   502.132     0.5174  0.8436 -0.1435
 196   6   3  23   502.132     0.5174  0.8436 -0.1435
 197   6   3  25   502.132     0.5174  0.8436 -0.1435
 198   7   1  14   537.160     0.7737 -0.6250  0.1036 -0.0040
 199   7   1  16   537.160     0.7737 -0.6250  0.1036 -0.0040
 200   7   1  18   537.160     0.7737 -0.6250  0.1036 -0.0040
 201   7   1  20   537.160     0.7737 -0.6250  0.1036 -0.0040
 202   7   1  22   537.160     0.7737 -0.6250  0.1036 -0.0040
 203   7   1  24   537.160     0.7737 -0.6250  0.1036 -0.0040
 204   7   1  26   537.160     0.7737 -0.6250  0.1036 -0.0040
 205   7  -2  14   539.402     0.9482 -0.3166  0.0272
 206   7  -2  16   539.402     0.9482 -0.3166  0.0272
 207   7  -2  18   539.402     0.9482 -0.3166  0.0272
 208   7  -2  20   539.402     0.9482 -0.3166  0.0272
 209   7  -2  22   539.402     0.9482 -0.3166  0.0272
 210   7  -2  24   539.402     0.9482 -0.3166  0.0272
 211   7  -2  26   539.402     0.9482 -0.3166  0.0272
 212   5  -5  15   549.739     0.0072  0.0793  0.9968
 213   5  -5  17   549.739     0.0072  0.0793  0.9968
 214   5  -5  19   549.739     0.0072  0.0793  0.9968
 215   5  -5  21   549.739     0.0072  0.0793  0.9968
 216   5  -5  23   549.739     0.0072  0.0793  0.9968
 217   5  -5  25   549.739     0.0072  0.0793  0.9968
 218   5   5  16   549.743     0.0091  0.0796  0.9968
 219   5   5  18   549.743     0.0091  0.0796  0.9968
 220   5   5  20   549.743     0.0091  0.0796  0.9968
 221   5   5  22   549.743     0.0091  0.0796  0.9968
 222   5   5  24   549.743     0.0091  0.0796  0.9968
 223   6  -4  15   566.444     0.2372  0.9685 -0.0765
 224   6  -4  17   566.444     0.2372  0.9685 -0.0765
 225   6  -4  19   566.444     0.2372  0.9685 -0.0765
 226   6  -4  21   566.444     0.2372  0.9685 -0.0765
 227   6  -4  23   566.444     0.2372  0.9685 -0.0765
 228   6  -4  25   566.444     0.2372  0.9685 -0.0765
 229   8   0  12   567.003     0.7425 -0.6499  0.1616 -0.0161  0.0005
 230   8   0  14   567.003     0.7425 -0.6499  0.1616 -0.0161  0.0005
 231   8   0  16   567.003     0.7425 -0.6499  0.1616 -0.0161  0.0005
 232   8   0  18   567.003     0.7425 -0.6499  0.1616 -0.0161  0.0005
 233   8   0  20   567.003     0.7425 -0.6499  0.1616 -0.0161  0.0005
 234   8   0  22   567.003     0.7425 -0.6499  0.1616 -0.0161  0.0005
 235   8   0  24   567.003     0.7425 -0.6499  0.1616 -0.0161  0.0005
 236   8   0  26   567.003     0.7425 -0.6499  0.1616 -0.0161  0.0005
 237   8   0  28   567.003     0.7425 -0.6499  0.1616 -0.0161  0.0005
 238   8  -1  12   567.028     0.9303 -0.3623  0.0576 -0.0034
 239   8  -1  14   567.028     0.9303 -0.3623  0.0576 -0.0034
 240   8  -1  16   567.028     0.9303 -0.3623  0.0576 -0.0034
 241   8  -1  18   567.028     0.9303 -0.3623  0.0576 -0.0034
 242   8  -1  20   567.028     0.9303 -0.3623  0.0576 -0.0034
 243   8  -1  22   567.028     0.9303 -0.3623  0.0576 -0.0034
 244   8  -1  24   567.028     0.9303 -0.3623  0.0576 -0.0034
 245   8  -1  26   567.028     0.9303 -0.3623  0.0576 -0.0034
 246   8  -1  28   567.028     0.9303 -0.3623  0.0576 -0.0034
 247   6   4  14   567.698     0.0878  0.2696  0.9559 -0.0760
 248   6   4  16   567.698     0.0878  0.2696  0.9559 -0.0760
 249   6   4  18   567.698     0.0878  0.2696  0.9559 -0.0760
 250   6   4  20   567.698     0.0878  0.2696  0.9559 -0.0760
 251   6   4  22   567.698     0.0878  0.2696  0.9559 -0.0760
 252   6   4  24   567.698     0.0878  0.2696  0.9559 -0.0760
 253   6   4  26   567.698     0.0878  0.2696  0.9559 -0.0760
 254   7   2  13   600.387     0.6166  0.6803 -0.3941  0.0407
 255   7   2  15   600.387     0.6166  0.6803 -0.3941  0.0407
 256   7   2  17   600.387     0.6166  0.6803 -0.3941  0.0407
 257   7   2  19   600.387     0.6166  0.6803 -0.3941  0.0407
 258   7   2  21   600.387     0.6166  0.6803 -0.3941  0.0407
 259   7   2  23   600.387     0.6166  0.6803 -0.3941  0.0407
 260   7   2  25   600.387     0.6166  0.6803 -0.3941  0.0407
 261   7   2  27   600.387     0.6166  0.6803 -0.3941  0.0407
 262   7  -3  13   619.027     0.3202  0.9195 -0.2276  0.0104
 263   7  -3  15   619.027     0.3202  0.9195 -0.2276  0.0104
 264   7  -3  17   619.027     0.3202  0.9195 -0.2276  0.0104
 265   7  -3  19   619.027     0.3202  0.9195 -0.2276  0.0104
 266   7  -3  21   619.027     0.3202  0.9195 -0.2276  0.0104
 267   7  -3  23   619.027     0.3202  0.9195 -0.2276  0.0104
 268   7  -3  25   619.027     0.3202  0.9195 -0.2276  0.0104
 269   7  -3  27   619.027     0.3202  0.9195 -0.2276  0.0104
 270   7   3  14   644.006     0.6308  0.7449 -0.2171  0.0106
 271   7   3  16   644.006     0.6308  0.7449 -0.2171  0.0106
 272   7   3  18   644.006     0.6308  0.7449 -0.2171  0.0106
 273   7   3  20   644.006     0.6308  0.7449 -0.2171  0.0106
 274   7   3  22   644.006     0.6308  0.7449 -0.2171  0.0106
 275   7   3  24   644.006     0.6308  0.7449 -0.2171  0.0106
 276   7   3  26   644.006     0.6308  0.7449 -0.2171  0.0106
 277   6  -5  14   662.316     0.0190  0.1502  0.9885
 278   6  -5  16   662.316     0.0190  0.1502  0.9885
 279   6  -5  18   662.316     0.0190  0.1502  0.9885
 280   6  -5  20   662.316     0.0190  0.1502  0.9885
 281   6  -5  22   662.316     0.0190  0.1502  0.9885
 282   6  -5  24   662.316     0.0190  0.1502  0.9885
 283   6  -5  26   662.316     0.0190  0.1502  0.9885
 284   6   5  15   662.360     0.0266  0.1518  0.9881
 285   6   5  17   662.360     0.0266  0.1518  0.9881
 286   6   5  19   662.360     0.0266  0.1518  0.9881
 287   6   5  21   662.360     0.0266  0.1518  0.9881
 288   6   5  23   662.360     0.0266  0.1518  0.9881
 289   6   5  25   662.360     0.0266  0.1518  0.9881
 290   8   1  13   673.211     0.6993 -0.6973  0.1570 -0.0110
 291   8   1  15   673.211     0.6993 -0.6973  0.1570 -0.0110
 292   8   1  17   673.211     0.6993 -0.6973  0.1570 -0.0110
 293   8   1  19   673.211     0.6993 -0.6973  0.1570 -0.0110
 294   8   1  21   673.211     0.6993 -0.6973  0.1570 -0.0110
 295   8   1  23   673.211     0.6993 -0.6973  0.1570 -0.0110
 296   8   1  25   673.211     0.6993 -0.6973  0.1570 -0.0110
 297   8   1  27   673.211     0.6993 -0.6973  0.1570 -0.0110
 298   8  -2  13   674.157     0.9193 -0.3904  0.0499 -0.0016
 299   8  -2  15   674.157     0.9193 -0.3904  0.0499 -0.0016
 300   8  -2  17   674.157     0.9193 -0.3904  0.0499 -0.0016
 301   8  -2  19   674.157     0.9193 -0.3904  0.0499 -0.0016
 302   8  -2  21   674.157     0.9193 -0.3904  0.0499 -0.0016
 303   8  -2  23   674.157     0.9193 -0.3904  0.0499 -0.0016
 304   8  -2  25   674.157     0.9193 -0.3904  0.0499 -0.0016
 305   8  -2  27   674.157     0.9193 -0.3904  0.0499 -0.0016
 306   7  -4  14   698.964     0.3172  0.9376 -0.1426
 307   7  -4  16   698.964     0.3172  0.9376 -0.1426
 308   7  -4  18   698.964     0.3172  0.9376 -0.1426
 309   7  -4  20   698.964     0.3172  0.9376 -0.1426
 310   7  -4  22   698.964     0.3172  0.9376 -0.1426
 311   7  -4  24   698.964     0.3172  0.9376 -0.1426
 312   7  -4  26   698.964     0.3172  0.9376 -0.1426
 313   7   4  13   703.134     0.1609  0.3832  0.8988 -0.1395
 314   7   4  15   703.134     0.1609  0.3832  0.8988 -0.1395
 315   7   4  17   703.134     0.1609  0.3832  0.8988 -0.1395
 316   7   4  19   703.134     0.1609  0.3832  0.8988 -0.1395
 317   7   4  21   703.134     0.1609  0.3832  0.8988 -0.1395
 318   7   4  23   703.134     0.1609  0.3832  0.8988 -0.1395
 319   7   4  25   703.134     0.1609  0.3832  0.8988 -0.1395
 320   7   4  27   703.134     0.1609  0.3832  0.8988 -0.1395
 321   8   2  12   754.288     0.6205  0.5763 -0.5250  0.0851 -0.0032
 322   8   2  14   754.288     0.6205  0.5763 -0.5250  0.0851 -0.0032
 323   8   2  16   754.288     0.6205  0.5763 -0.5250  0.0851 -0.0032
 324   8   2  18   754.288     0.6205  0.5763 -0.5250  0.0851 -0.0032
 325   8   2  20   754.288     0.6205  0.5763 -0.5250  0.0851 -0.0032
 326   8   2  22   754.288     0.6205  0.5763 -0.5250  0.0851 -0.0032
 327   8   2  24   754.288     0.6205  0.5763 -0.5250  0.0851 -0.0032
 328   8   2  26   754.288     0.6205  0.5763 -0.5250  0.0851 -0.0032
 329   8   2  28   754.288     0.6205  0.5763 -0.5250  0.0851 -0.0032
 330   8  -3  12   765.262     0.3616  0.8790 -0.3096  0.0264
 331   8  -3  14   765.262     0.3616  0.8790 -0.3096  0.0264
 332   8  -3  16   765.262     0.3616  0.8790 -0.3096  0.0264
 333   8  -3  18   765.262     0.3616  0.8790 -0.3096  0.0264
 334   8  -3  20   765.262     0.3616  0.8790 -0.3096  0.0264
 335   8  -3  22   765.262     0.3616  0.8790 -0.3096  0.0264
 336   8  -3  24   765.262     0.3616  0.8790 -0.3096  0.0264
 337   8  -3  26   765.262     0.3616  0.8790 -0.3096  0.0264
 338   8  -3  28   765.262     0.3616  0.8790 -0.3096  0.0264
 339   6  -6  15   780.367     0.0074  0.0770  0.9970
 340   6  -6  17   780.367     0.0074  0.0770  0.9970
 341   6  -6  19   780.367     0.0074  0.0770  0.9970
 342   6  -6  21   780.367     0.0074  0.0770  0.9970
 343   6  -6  23   780.367     0.0074  0.0770  0.9970
 344   6  -6  25   780.367     0.0074  0.0770  0.9970
 345   6   6  14   780.367     0.0012  0.0076  0.0770  0.9970
 346   6   6  16   780.367     0.0012  0.0076  0.0770  0.9970
 347   6   6  18   780.367     0.0012  0.0076  0.0770  0.9970
 348   6   6  20   780.367     0.0012  0.0076  0.0770  0.9970
 349   6   6  22   780.367     0.0012  0.0076  0.0770  0.9970
 350   6   6  24   780.367     0.0012  0.0076  0.0770  0.9970
 351   6   6  26   780.367     0.0012  0.0076  0.0770  0.9970
 352   7  -5  13   794.346     0.0372  0.2280  0.9701 -0.0749
 353   7  -5  15   794.346     0.0372  0.2280  0.9701 -0.0749
 354   7  -5  17   794.346     0.0372  0.2280  0.9701 -0.0749
 355   7  -5  19   794.346     0.0372  0.2280  0.9701 -0.0749
 356   7  -5  21   794.346     0.0372  0.2280  0.9701 -0.0749
 357   7  -5  23   794.346     0.0372  0.2280  0.9701 -0.0749
 358   7  -5  25   794.346     0.0372  0.2280  0.9701 -0.0749
 359   7  -5  27   794.346     0.0372  0.2280  0.9701 -0.0749
 360   7   5  14   794.598     0.0586  0.2334  0.9677 -0.0748
 361   7   5  16   794.598     0.0586  0.2334  0.9677 -0.0748
 362   7   5  18   794.598     0.0586  0.2334  0.9677 -0.0748
 363   7   5  20   794.598     0.0586  0.2334  0.9677 -0.0748
 364   7   5  22   794.598     0.0586  0.2334  0.9677 -0.0748
 365   7   5  24   794.598     0.0586  0.2334  0.9677 -0.0748
 366   7   5  26   794.598     0.0586  0.2334  0.9677 -0.0748
 367   8   3  13   806.946     0.7061  0.6395 -0.3028  0.0286
 368   8   3  15   806.946     0.7061  0.6395 -0.3028  0.0286
 369   8   3  17   806.946     0.7061  0.6395 -0.3028  0.0286
 370   8   3  19   806.946     0.7061  0.6395 -0.3028  0.0286
 371   8   3  21   806.946     0.7061  0.6395 -0.3028  0.0286
 372   8   3  23   806.946     0.7061  0.6395 -0.3028  0.0286
 373   8   3  25   806.946     0.7061  0.6395 -0.3028  0.0286
 374   8   3  27   806.946     0.7061  0.6395 -0.3028  0.0286
 375   8  -4  13   850.461     0.3916  0.8948 -0.2144  0.0095
 376   8  -4  15   850.461     0.3916  0.8948 -0.2144  0.0095
 377   8  -4  17   850.461     0.3916  0.8948 -0.2144  0.0095
 378   8  -4  19   850.461     0.3916  0.8948 -0.2144  0.0095
 379   8  -4  21   850.461     0.3916  0.8948 -0.2144  0.0095
 380   8  -4  23   850.461     0.3916  0.8948 -0.2144  0.0095
 381   8  -4  25   850.461     0.3916  0.8948 -0.2144  0.0095
 382   8  -4  27   850.461     0.3916  0.8948 -0.2144  0.0095
 383   8   4  12   861.148     0.2521  0.4937  0.8068 -0.2041  0.0093
 384   8   4  14   861.148     0.2521  0.4937  0.8068 -0.2041  0.0093
 385   8   4  16   861.148     0.2521  0.4937  0.8068 -0.2041  0.0093
 386   8   4  18   861.148     0.2521  0.4937  0.8068 -0.2041  0.0093
 387   8   4  20   861.148     0.2521  0.4937  0.8068 -0.2041  0.0093
 388   8   4  22   861.148     0.2521  0.4937  0.8068 -0.2041  0.0093
 389   8   4  24   861.148     0.2521  0.4937  0.8068 -0.2041  0.0093
 390   8   4  26   861.148     0.2521  0.4937  0.8068 -0.2041  0.0093
 391   8   4  28   861.148     0.2521  0.4937  0.8068 -0.2041  0.0093
 392   7  -6  14   911.587     0.0196  0.1438  0.9894
 393   7  -6  16   911.587     0.0196  0.1438  0.9894
 394   7  -6  18   911.587     0.0196  0.1438  0.9894
 395   7  -6  20   911.587     0.0196  0.1438  0.9894
 396   7  -6  22   911.587     0.0196  0.1438  0.9894
 397   7  -6  24   911.587     0.0196  0.1438  0.9894
 398   7  -6  26   911.587     0.0196  0.1438  0.9894
 399   7   6  13   911.593     0.0041  0.0206  0.1440  0.9894
 400   7   6  15   911.593     0.0041  0.0206  0.1440  0.9894
 401   7   6  17   911.593     0.0041  0.0206  0.1440  0.9894
 402   7   6  19   911.593     0.0041  0.0206  0.1440  0.9894
 403   7   6  21   911.593     0.0041  0.0206  0.1440  0.9894
 404   7   6  23   911.593     0.0041  0.0206  0.1440  0.9894
 405   7   6  25   911.593     0.0041  0.0206  0.1440  0.9894
 406   7   6  27   911.593     0.0041  0.0206  0.1440  0.9894
 407   8  -5  12   946.029     0.0618  0.3093  0.9389 -0.1379
 408   8  -5  14   946.029     0.0618  0.3093  0.9389 -0.1379
 409   8  -5  16   946.029     0.0618  0.3093  0.9389 -0.1379
 410   8  -5  18   946.029     0.0618  0.3093  0.9389 -0.1379
 411   8  -5  20   946.029     0.0618  0.3093  0.9389 -0.1379
 412   8  -5  22   946.029     0.0618  0.3093  0.9389 -0.1379
 413   8  -5  24   946.029     0.0618  0.3093  0.9389 -0.1379
 414   8  -5  26   946.029     0.0618  0.3093  0.9389 -0.1379
 415   8  -5  28   946.029     0.0618  0.3093  0.9389 -0.1379
 416   8   5  13   947.056     0.1115  0.3232  0.9297 -0.1371
 417   8   5  15   947.056     0.1115  0.3232  0.9297 -0.1371
 418   8   5  17   947.056     0.1115  0.3232  0.9297 -0.1371
 419   8   5  19   947.056     0.1115  0.3232  0.9297 -0.1371
 420   8   5  21   947.056     0.1115  0.3232  0.9297 -0.1371
 421   8   5  23   947.056     0.1115  0.3232  0.9297 -0.1371
 422   8   5  25   947.056     0.1115  0.3232  0.9297 -0.1371
 423   8   5  27   947.056     0.1115  0.3232  0.9297 -0.1371
ILAM=  1 LAMNUM(ILAM) =    423
ILAM=  2 LAMNUM(ILAM) =   6488
ILAM=  3 LAMNUM(ILAM) =  12996
ILAM=  4 LAMNUM(ILAM) =  17393
ILAM=  5 LAMNUM(ILAM) =   2976
ILAM=  6 LAMNUM(ILAM) =   9680
ILAM=  7 LAMNUM(ILAM) =  15317
ILAM=  8 LAMNUM(ILAM) =   6486
ILAM=  9 LAMNUM(ILAM) =  13003
ILAM= 10 LAMNUM(ILAM) =  17423
ILAM= 11 LAMNUM(ILAM) =   9674
ILAM= 12 LAMNUM(ILAM) =  15317
 ** TOTAL NUMBER OF NONZERO V2 MATRIX ELEMENTS IS   127176
 ** BASTST=.TRUE.; TEST OF SUBROUTINE BASIS
 **** END OF CALCULATION ****
      MAXIMUM NUMBER OF CHANNELS USED WAS:     0
      TIMING:  ELAPSED 00:00:01 / CPU 00:00:00 / MP RATIO   71.8 %
      CURRENT DATE:  Mar 19 05:59:30 2023
 ===============================================================================
