
 --------------------------------------------------------------------------
           HIBRIDON SCATTERING CODE V 5.00

      AUTHORS: M. ALEXANDER, D. MANOLOPOULOS, H.-J. WERNER, B. FOLLMEG,
               P. DAGDIGIAN
 CONTRIBUTORS: D. LEMOINE, P. VOHRALIK, G. COREY, R. JOHNSON, T. ORLIKOWSKI,
          A. BERNING, A. DEGLI-ESPOSTI, C. RIST, B. POUILLY, J. KLOS, Q. MA,
          G. VAN DER SANDEN, M. YANG, F. DE WEERD, S. GREGURICK, F. LIQUE
 --------------------------------------------------------------------------
           BUILD CONFIGURATION:
CMAKE BUILD DATE: 2021-08-31 at 15:37
CMAKE BUILD TYPE: Debug
SYS: Linux 5.4.0-81-generic x86_64
COMPILER: /usr/bin/gfortran
COMPILE OPTIONS: 
 --------------------------------------------------------------------------
            CURRENT HARDWARE CONFIGURATION:

Model name:                      Intel(R) Core(TM) i5-8350U CPU @ 1.70GHz
CPU MHz:                         2899.966
Socket(s):                       1
Core(s) per socket:              4
L2 cache:                        1 MiB
L3 cache:                        6 MiB
Hyper-Threading Technology: Enabled
MemTotal:       16272260 kB
 --------------------------------------------------------------------------
 Hibridon>  Hibridon>  Hibridon>  ** J =    0 JLPAR = 1 FINISHED;  CPU: 00:00:00   WALL: 00:00:00   DATE: Aug 31 15:38:51 2021
 ** J =    1 JLPAR = 1 FINISHED;  CPU: 00:00:00   WALL: 00:00:00   DATE: Aug 31 15:38:51 2021
 ** J =    2 JLPAR = 1 FINISHED;  CPU: 00:00:00   WALL: 00:00:00   DATE: Aug 31 15:38:51 2021
 ** J =    3 JLPAR = 1 FINISHED;  CPU: 00:00:00   WALL: 00:00:01   DATE: Aug 31 15:38:52 2021
 ** J =    4 JLPAR = 1 FINISHED;  CPU: 00:00:00   WALL: 00:00:01   DATE: Aug 31 15:38:52 2021
 ** J =    5 JLPAR = 1 FINISHED;  CPU: 00:00:01   WALL: 00:00:01   DATE: Aug 31 15:38:52 2021
 ** J =    6 JLPAR = 1 FINISHED;  CPU: 00:00:01   WALL: 00:00:02   DATE: Aug 31 15:38:53 2021
 ** J =    7 JLPAR = 1 FINISHED;  CPU: 00:00:02   WALL: 00:00:03   DATE: Aug 31 15:38:54 2021
 ** J =    8 JLPAR = 1 FINISHED;  CPU: 00:00:03   WALL: 00:00:04   DATE: Aug 31 15:38:55 2021
 ** J =    0 JLPAR =-1 FINISHED;  CPU: 00:00:03   WALL: 00:00:04   DATE: Aug 31 15:38:55 2021
 ** J =    1 JLPAR =-1 FINISHED;  CPU: 00:00:03   WALL: 00:00:04   DATE: Aug 31 15:38:55 2021
 ** J =    2 JLPAR =-1 FINISHED;  CPU: 00:00:03   WALL: 00:00:04   DATE: Aug 31 15:38:55 2021
 ** J =    3 JLPAR =-1 FINISHED;  CPU: 00:00:03   WALL: 00:00:04   DATE: Aug 31 15:38:55 2021
 ** J =    4 JLPAR =-1 FINISHED;  CPU: 00:00:04   WALL: 00:00:04   DATE: Aug 31 15:38:55 2021
 ** J =    5 JLPAR =-1 FINISHED;  CPU: 00:00:04   WALL: 00:00:05   DATE: Aug 31 15:38:56 2021
 ** J =    6 JLPAR =-1 FINISHED;  CPU: 00:00:05   WALL: 00:00:05   DATE: Aug 31 15:38:56 2021
 ** J =    7 JLPAR =-1 FINISHED;  CPU: 00:00:05   WALL: 00:00:06   DATE: Aug 31 15:38:57 2021
 ** J =    8 JLPAR =-1 FINISHED;  CPU: 00:00:06   WALL: 00:00:07   DATE: Aug 31 15:38:58 2021
 ===============================================================================
 **** END OF CALCULATION ****
      MAXIMUM NUMBER OF CHANNELS USED WAS:   112
      TIMING:  ELAPSED 00:00:07 / CPU 00:00:06 / MP RATIO   95.0 %
      CURRENT DATE:  Aug 31 15:38:58 2021
 ===============================================================================
 Hibridon> 
 INTEGRAL CROSS SECTIONS READ FROM FILE Ch3heq1.ics                             
 WRITTEN:   Aug 31 15:38:58 2021
 LABEL:     TEST INPUT FOR CH3-HE SCATTERING                
 POT NAME:  Dagdigian CH3-He PES                            

 ** INTEGRAL CROSS SECTIONS; IEN= 1 **
    RMU=   3.1606  E=   150.00  JLPAR=-1  JTOT-1=  0  JTOT-2=   8  JTOT-D=  1
 ** CC CALCULATION, JLPAR=-1 **

 ** COLUMN HEADINGS ARE INITIAL STATES, ROW HEADINGS ARE FINAL STATES **

            J=    0         2         4         3
   J    I | I=    0         0         3        -3
 
    0    0   1.523E+01  1.397E-01  9.575E-04  1.067E+00
    2    0   4.310E-01  2.613E+01  8.799E+00  2.716E+00
    3   -3   3.913E+00  3.230E+00  1.634E+00  2.838E+01
    4    3   1.129E-04  3.364E-01  1.722E+02  5.254E-02
 Hibridon> 
**  DIFFERENTIAL CROSS SECTION (ANG^2/SR)
    TODAYS DATE:  Aug 31 15:38:58 2021
    S-MATRICES READ FROM FILE Ch3heq1.smt                             
      WRITTEN:   Aug 31 15:38:51 2021
      LABEL:     TEST INPUT FOR CH3-HE SCATTERING                
      POT NAME:  Dagdigian CH3-He PES                            
    E-TOT:      150.000;  REDUCED MASS:    3.161    
    TRANSITION:  J1=   2 IN1=   0  ->  J2=   3 IN2=  -3
    SUMMING PARTIAL WAVES FROM JTOT = 0 TO   8
    WAVE VECTOR IN INITIAL CHANNEL:      2.2041 Bohr^(-1);     4.1650 Angstroms^(-1)
    COLLISION ENERGY:    92.5326 cm-1;    11.4727 meV
    DIFFERENTIAL CROSS SECTIONS SAVED IN FILE: Ch3heq1.dcs

 ** DIFFERENTIAL CROSS SECTION CALCULATION FINISHED:
    ELAPSED TIME: 00:00:00   CPU TIME:  00:00:00 
 Hibridon> 
